stm32g4xx_hal_rtc.c:300:19:HAL_RTC_Init	24	static
stm32g4xx_hal_rtc.c:419:19:HAL_RTC_DeInit	24	static
stm32g4xx_hal_rtc.c:803:13:HAL_RTC_MspInit	16	static
stm32g4xx_hal_rtc.c:818:13:HAL_RTC_MspDeInit	16	static
stm32g4xx_hal_rtc.c:856:19:HAL_RTC_SetTime	40	static
stm32g4xx_hal_rtc.c:963:19:HAL_RTC_GetTime	32	static
stm32g4xx_hal_rtc.c:1009:19:HAL_RTC_SetDate	40	static
stm32g4xx_hal_rtc.c:1093:19:HAL_RTC_GetDate	32	static
stm32g4xx_hal_rtc.c:1149:19:HAL_RTC_SetAlarm	48	static
stm32g4xx_hal_rtc.c:1336:19:HAL_RTC_SetAlarm_IT	48	static
stm32g4xx_hal_rtc.c:1523:19:HAL_RTC_DeactivateAlarm	24	static
stm32g4xx_hal_rtc.c:1615:19:HAL_RTC_GetAlarm	32	static
stm32g4xx_hal_rtc.c:1677:6:HAL_RTC_AlarmIRQHandler	24	static
stm32g4xx_hal_rtc.c:1719:13:HAL_RTC_AlarmAEventCallback	16	static
stm32g4xx_hal_rtc.c:1735:19:HAL_RTC_PollForAlarmAEvent	24	static
stm32g4xx_hal_rtc.c:1798:19:HAL_RTC_WaitForSynchro	24	static
stm32g4xx_hal_rtc.c:1844:21:HAL_RTC_GetState	16	static
stm32g4xx_hal_rtc.c:1867:19:RTC_EnterInitMode	24	static
stm32g4xx_hal_rtc.c:1901:19:RTC_ExitInitMode	24	static
stm32g4xx_hal_rtc.c:1940:9:RTC_ByteToBcd2	24	static
stm32g4xx_hal_rtc.c:1959:9:RTC_Bcd2ToByte	24	static
stm32g4xx_hal_rtc.c:1972:6:HAL_RTC_DST_Add1Hour	16	static
stm32g4xx_hal_rtc.c:1986:6:HAL_RTC_DST_Sub1Hour	16	static
stm32g4xx_hal_rtc.c:2000:6:HAL_RTC_DST_SetStoreOperation	16	static
stm32g4xx_hal_rtc.c:2013:6:HAL_RTC_DST_ClearStoreOperation	16	static
stm32g4xx_hal_rtc.c:2026:10:HAL_RTC_DST_ReadStoreOperation	16	static
