stm32g4xx_hal_rtc_ex.c:165:19:HAL_RTCEx_SetTimeStamp	24	static
stm32g4xx_hal_rtc_ex.c:216:19:HAL_RTCEx_SetTimeStamp_IT	24	static
stm32g4xx_hal_rtc_ex.c:263:19:HAL_RTCEx_DeactivateTimeStamp	16	static
stm32g4xx_hal_rtc_ex.c:298:19:HAL_RTCEx_SetInternalTimeStamp	16	static
stm32g4xx_hal_rtc_ex.c:328:19:HAL_RTCEx_DeactivateInternalTimeStamp	16	static
stm32g4xx_hal_rtc_ex.c:363:19:HAL_RTCEx_GetTimeStamp	32	static
stm32g4xx_hal_rtc_ex.c:415:13:HAL_RTCEx_TimeStampEventCallback	16	static
stm32g4xx_hal_rtc_ex.c:430:6:HAL_RTCEx_TimeStampIRQHandler	24	static
stm32g4xx_hal_rtc_ex.c:471:19:HAL_RTCEx_PollForTimeStampEvent	24	static
stm32g4xx_hal_rtc_ex.c:533:19:HAL_RTCEx_SetWakeUpTimer	32	static
stm32g4xx_hal_rtc_ex.c:604:19:HAL_RTCEx_SetWakeUpTimer_IT	32	static
stm32g4xx_hal_rtc_ex.c:679:19:HAL_RTCEx_DeactivateWakeUpTimer	24	static
stm32g4xx_hal_rtc_ex.c:731:10:HAL_RTCEx_GetWakeUpTimer	16	static
stm32g4xx_hal_rtc_ex.c:744:6:HAL_RTCEx_WakeUpTimerIRQHandler	16	static
stm32g4xx_hal_rtc_ex.c:771:13:HAL_RTCEx_WakeUpTimerEventCallback	16	static
stm32g4xx_hal_rtc_ex.c:788:19:HAL_RTCEx_PollForWakeUpTimerEvent	24	static
stm32g4xx_hal_rtc_ex.c:869:19:HAL_RTCEx_SetSmoothCalib	32	static
stm32g4xx_hal_rtc_ex.c:940:19:HAL_RTCEx_SetSynchroShift	32	static
stm32g4xx_hal_rtc_ex.c:1033:19:HAL_RTCEx_SetCalibrationOutPut	16	static
stm32g4xx_hal_rtc_ex.c:1069:19:HAL_RTCEx_DeactivateCalibrationOutPut	16	static
stm32g4xx_hal_rtc_ex.c:1099:19:HAL_RTCEx_SetRefClock	24	static
stm32g4xx_hal_rtc_ex.c:1141:19:HAL_RTCEx_DeactivateRefClock	24	static
stm32g4xx_hal_rtc_ex.c:1185:19:HAL_RTCEx_EnableBypassShadow	16	static
stm32g4xx_hal_rtc_ex.c:1217:19:HAL_RTCEx_DisableBypassShadow	16	static
stm32g4xx_hal_rtc_ex.c:1266:13:HAL_RTCEx_AlarmBEventCallback	16	static
stm32g4xx_hal_rtc_ex.c:1282:19:HAL_RTCEx_PollForAlarmBEvent	24	static
stm32g4xx_hal_rtc_ex.c:1349:19:HAL_RTCEx_SetTamper	24	static
stm32g4xx_hal_rtc_ex.c:1413:19:HAL_RTCEx_SetTamper_IT	24	static
stm32g4xx_hal_rtc_ex.c:1484:19:HAL_RTCEx_DeactivateTamper	16	static
stm32g4xx_hal_rtc_ex.c:1519:19:HAL_RTCEx_PollForTamperEvent	32	static
stm32g4xx_hal_rtc_ex.c:1552:19:HAL_RTCEx_SetInternalTamper	16	static
stm32g4xx_hal_rtc_ex.c:1581:19:HAL_RTCEx_SetInternalTamper_IT	16	static
stm32g4xx_hal_rtc_ex.c:1617:19:HAL_RTCEx_DeactivateInternalTamper	16	static
stm32g4xx_hal_rtc_ex.c:1647:19:HAL_RTCEx_PollForInternalTamperEvent	32	static
stm32g4xx_hal_rtc_ex.c:1679:6:HAL_RTCEx_TamperIRQHandler	24	static
stm32g4xx_hal_rtc_ex.c:1832:13:HAL_RTCEx_Tamper1EventCallback	16	static
stm32g4xx_hal_rtc_ex.c:1848:13:HAL_RTCEx_Tamper2EventCallback	16	static
stm32g4xx_hal_rtc_ex.c:1864:13:HAL_RTCEx_Tamper3EventCallback	16	static
stm32g4xx_hal_rtc_ex.c:1914:13:HAL_RTCEx_InternalTamper3EventCallback	16	static
stm32g4xx_hal_rtc_ex.c:1929:13:HAL_RTCEx_InternalTamper4EventCallback	16	static
stm32g4xx_hal_rtc_ex.c:1944:13:HAL_RTCEx_InternalTamper5EventCallback	16	static
stm32g4xx_hal_rtc_ex.c:1961:13:HAL_RTCEx_InternalTamper6EventCallback	16	static
stm32g4xx_hal_rtc_ex.c:2023:6:HAL_RTCEx_BKUPWrite	32	static
stm32g4xx_hal_rtc_ex.c:2047:10:HAL_RTCEx_BKUPRead	24	static
