stm32g4xx_hal_rtc.c:301:19:HAL_RTC_Init	24	static
stm32g4xx_hal_rtc.c:420:19:HAL_RTC_DeInit	24	static
stm32g4xx_hal_rtc.c:804:13:HAL_RTC_MspInit	16	static
stm32g4xx_hal_rtc.c:819:13:HAL_RTC_MspDeInit	16	static
stm32g4xx_hal_rtc.c:857:19:HAL_RTC_SetTime	40	static
stm32g4xx_hal_rtc.c:964:19:HAL_RTC_GetTime	32	static
stm32g4xx_hal_rtc.c:1008:19:HAL_RTC_SetDate	40	static
stm32g4xx_hal_rtc.c:1092:19:HAL_RTC_GetDate	32	static
stm32g4xx_hal_rtc.c:1146:19:HAL_RTC_SetAlarm	48	static
stm32g4xx_hal_rtc.c:1333:19:HAL_RTC_SetAlarm_IT	48	static
stm32g4xx_hal_rtc.c:1520:19:HAL_RTC_DeactivateAlarm	24	static
stm32g4xx_hal_rtc.c:1612:19:HAL_RTC_GetAlarm	32	static
stm32g4xx_hal_rtc.c:1672:6:HAL_RTC_AlarmIRQHandler	24	static
stm32g4xx_hal_rtc.c:1714:13:HAL_RTC_AlarmAEventCallback	16	static
stm32g4xx_hal_rtc.c:1730:19:HAL_RTC_PollForAlarmAEvent	24	static
stm32g4xx_hal_rtc.c:1793:19:HAL_RTC_WaitForSynchro	24	static
stm32g4xx_hal_rtc.c:1837:21:HAL_RTC_GetState	16	static
stm32g4xx_hal_rtc.c:1860:19:RTC_EnterInitMode	24	static
stm32g4xx_hal_rtc.c:1892:19:RTC_ExitInitMode	24	static
stm32g4xx_hal_rtc.c:1931:9:RTC_ByteToBcd2	24	static
stm32g4xx_hal_rtc.c:1950:9:RTC_Bcd2ToByte	24	static
stm32g4xx_hal_rtc.c:1963:6:HAL_RTC_DST_Add1Hour	16	static
stm32g4xx_hal_rtc.c:1976:6:HAL_RTC_DST_Sub1Hour	16	static
stm32g4xx_hal_rtc.c:1989:6:HAL_RTC_DST_SetStoreOperation	16	static
stm32g4xx_hal_rtc.c:2001:6:HAL_RTC_DST_ClearStoreOperation	16	static
stm32g4xx_hal_rtc.c:2013:10:HAL_RTC_DST_ReadStoreOperation	16	static
