main.c:119:6:CDC_On_Receive	24	static
main.c:132:6:read_ser_input	16	static
main.c:143:5:main	56	static
main.c:215:6:SystemClock_Config	152	static
main.c:274:13:MX_ADC1_Init	56	static
main.c:339:13:MX_CRC_Init	8	static
main.c:370:13:MX_RTC_Init	8	static
main.c:406:13:MX_TIM1_Init	104	static
main.c:482:13:MX_TIM2_Init	48	static
main.c:543:13:MX_TIM3_Init	56	static
main.c:592:13:MX_TIM4_Init	56	static
main.c:641:13:MX_TIM8_Init	56	static
main.c:692:13:MX_TIM15_Init	104	static
main.c:758:13:MX_TIM16_Init	88	static
main.c:821:13:MX_TIM17_Init	88	static
main.c:882:13:MX_DMA_Init	16	static
main.c:901:13:MX_GPIO_Init	40	static
main.c:950:6:Error_Handler	4	static,ignoring_inline_asm
