Archive member included to satisfy reference by file (symbol)

/home/zabalane/SlowData/Tools/STM32CubeIDE/plugins/com.st.stm32cube.ide.mcu.externaltools.gnu-tools-for-stm32.9-2020-q2-update.linux64_2.0.0.202105311346/tools/bin/../lib/gcc/arm-none-eabi/9.3.1/../../../../arm-none-eabi/lib/thumb/v7e-m+fp/hard/libc_nano.a(lib_a-errno.o)
                              ./Core/Src/syscalls.o (__errno)
/home/zabalane/SlowData/Tools/STM32CubeIDE/plugins/com.st.stm32cube.ide.mcu.externaltools.gnu-tools-for-stm32.9-2020-q2-update.linux64_2.0.0.202105311346/tools/bin/../lib/gcc/arm-none-eabi/9.3.1/../../../../arm-none-eabi/lib/thumb/v7e-m+fp/hard/libc_nano.a(lib_a-exit.o)
                              /home/zabalane/SlowData/Tools/STM32CubeIDE/plugins/com.st.stm32cube.ide.mcu.externaltools.gnu-tools-for-stm32.9-2020-q2-update.linux64_2.0.0.202105311346/tools/bin/../lib/gcc/arm-none-eabi/9.3.1/../../../../arm-none-eabi/lib/thumb/v7e-m+fp/hard/crt0.o (exit)
/home/zabalane/SlowData/Tools/STM32CubeIDE/plugins/com.st.stm32cube.ide.mcu.externaltools.gnu-tools-for-stm32.9-2020-q2-update.linux64_2.0.0.202105311346/tools/bin/../lib/gcc/arm-none-eabi/9.3.1/../../../../arm-none-eabi/lib/thumb/v7e-m+fp/hard/libc_nano.a(lib_a-impure.o)
                              /home/zabalane/SlowData/Tools/STM32CubeIDE/plugins/com.st.stm32cube.ide.mcu.externaltools.gnu-tools-for-stm32.9-2020-q2-update.linux64_2.0.0.202105311346/tools/bin/../lib/gcc/arm-none-eabi/9.3.1/../../../../arm-none-eabi/lib/thumb/v7e-m+fp/hard/libc_nano.a(lib_a-exit.o) (_global_impure_ptr)
/home/zabalane/SlowData/Tools/STM32CubeIDE/plugins/com.st.stm32cube.ide.mcu.externaltools.gnu-tools-for-stm32.9-2020-q2-update.linux64_2.0.0.202105311346/tools/bin/../lib/gcc/arm-none-eabi/9.3.1/../../../../arm-none-eabi/lib/thumb/v7e-m+fp/hard/libc_nano.a(lib_a-init.o)
                              /home/zabalane/SlowData/Tools/STM32CubeIDE/plugins/com.st.stm32cube.ide.mcu.externaltools.gnu-tools-for-stm32.9-2020-q2-update.linux64_2.0.0.202105311346/tools/bin/../lib/gcc/arm-none-eabi/9.3.1/../../../../arm-none-eabi/lib/thumb/v7e-m+fp/hard/crt0.o (__libc_init_array)
/home/zabalane/SlowData/Tools/STM32CubeIDE/plugins/com.st.stm32cube.ide.mcu.externaltools.gnu-tools-for-stm32.9-2020-q2-update.linux64_2.0.0.202105311346/tools/bin/../lib/gcc/arm-none-eabi/9.3.1/../../../../arm-none-eabi/lib/thumb/v7e-m+fp/hard/libc_nano.a(lib_a-memcpy-stub.o)
                              ./Core/Src/main.o (memcpy)
/home/zabalane/SlowData/Tools/STM32CubeIDE/plugins/com.st.stm32cube.ide.mcu.externaltools.gnu-tools-for-stm32.9-2020-q2-update.linux64_2.0.0.202105311346/tools/bin/../lib/gcc/arm-none-eabi/9.3.1/../../../../arm-none-eabi/lib/thumb/v7e-m+fp/hard/libc_nano.a(lib_a-memset.o)
                              /home/zabalane/SlowData/Tools/STM32CubeIDE/plugins/com.st.stm32cube.ide.mcu.externaltools.gnu-tools-for-stm32.9-2020-q2-update.linux64_2.0.0.202105311346/tools/bin/../lib/gcc/arm-none-eabi/9.3.1/../../../../arm-none-eabi/lib/thumb/v7e-m+fp/hard/crt0.o (memset)

Allocating common symbols
Common symbol       size              file

hUsbDeviceFS        0x2d0             ./USB_Device/App/usb_device.o
htim8               0x4c              ./Core/Src/main.o
htim4               0x4c              ./Core/Src/main.o
htim15              0x4c              ./Core/Src/main.o
hcrc                0x24              ./Core/Src/main.o
htim17              0x4c              ./Core/Src/main.o
uwTick              0x4               ./Drivers/STM32G4xx_HAL_Driver/Src/stm32g4xx_hal.o
UserRxBufferFS      0x3e8             ./USB_Device/App/usbd_cdc_if.o
htim3               0x4c              ./Core/Src/main.o
hadc1               0x6c              ./Core/Src/main.o
UserTxBufferFS      0x3e8             ./USB_Device/App/usbd_cdc_if.o
hdma_adc1           0x60              ./Core/Src/main.o
hrtc                0x28              ./Core/Src/main.o
htim1               0x4c              ./Core/Src/main.o
htim2               0x4c              ./Core/Src/main.o
mcu_error           0x1               ./Core/Src/main.o
hpcd_USB_FS         0x2f4             ./USB_Device/Target/usbd_conf.o
USBD_StrDesc        0x200             ./USB_Device/App/usbd_desc.o
htim16              0x4c              ./Core/Src/main.o

Discarded input sections

 .text          0x0000000000000000        0x0 /home/zabalane/SlowData/Tools/STM32CubeIDE/plugins/com.st.stm32cube.ide.mcu.externaltools.gnu-tools-for-stm32.9-2020-q2-update.linux64_2.0.0.202105311346/tools/bin/../lib/gcc/arm-none-eabi/9.3.1/thumb/v7e-m+fp/hard/crti.o
 .data          0x0000000000000000        0x0 /home/zabalane/SlowData/Tools/STM32CubeIDE/plugins/com.st.stm32cube.ide.mcu.externaltools.gnu-tools-for-stm32.9-2020-q2-update.linux64_2.0.0.202105311346/tools/bin/../lib/gcc/arm-none-eabi/9.3.1/thumb/v7e-m+fp/hard/crti.o
[...]
Memory Configuration

Name             Origin             Length             Attributes
RAM              0x0000000020000000 0x0000000000008000 xrw
FLASH            0x0000000008000000 0x0000000000020000 xr
*default*        0x0000000000000000 0xffffffffffffffff

Linker script and memory map

LOAD /home/zabalane/SlowData/Tools/STM32CubeIDE/plugins/com.st.stm32cube.ide.mcu.externaltools.gnu-tools-for-stm32.9-2020-q2-update.linux64_2.0.0.202105311346/tools/bin/../lib/gcc/arm-none-eabi/9.3.1/thumb/v7e-m+fp/hard/crti.o
LOAD /home/zabalane/SlowData/Tools/STM32CubeIDE/plugins/com.st.stm32cube.ide.mcu.externaltools.gnu-tools-for-stm32.9-2020-q2-update.linux64_2.0.0.202105311346/tools/bin/../lib/gcc/arm-none-eabi/9.3.1/thumb/v7e-m+fp/hard/crtbegin.o
LOAD /home/zabalane/SlowData/Tools/STM32CubeIDE/plugins/com.st.stm32cube.ide.mcu.externaltools.gnu-tools-for-stm32.9-2020-q2-update.linux64_2.0.0.202105311346/tools/bin/../lib/gcc/arm-none-eabi/9.3.1/../../../../arm-none-eabi/lib/thumb/v7e-m+fp/hard/crt0.o
LOAD ./Core/Src/main.o
LOAD ./Core/Src/stm32g4xx_hal_msp.o
LOAD ./Core/Src/stm32g4xx_it.o
LOAD ./Core/Src/syscalls.o
LOAD ./Core/Src/sysmem.o
LOAD ./Core/Src/system_stm32g4xx.o
LOAD ./Core/Startup/startup_stm32g441kbtx.o
LOAD ./Drivers/STM32G4xx_HAL_Driver/Src/stm32g4xx_hal.o
LOAD ./Drivers/STM32G4xx_HAL_Driver/Src/stm32g4xx_hal_adc.o
LOAD ./Drivers/STM32G4xx_HAL_Driver/Src/stm32g4xx_hal_adc_ex.o
LOAD ./Drivers/STM32G4xx_HAL_Driver/Src/stm32g4xx_hal_cortex.o
LOAD ./Drivers/STM32G4xx_HAL_Driver/Src/stm32g4xx_hal_crc.o
LOAD ./Drivers/STM32G4xx_HAL_Driver/Src/stm32g4xx_hal_crc_ex.o
LOAD ./Drivers/STM32G4xx_HAL_Driver/Src/stm32g4xx_hal_dma.o
LOAD ./Drivers/STM32G4xx_HAL_Driver/Src/stm32g4xx_hal_dma_ex.o
LOAD ./Drivers/STM32G4xx_HAL_Driver/Src/stm32g4xx_hal_exti.o
LOAD ./Drivers/STM32G4xx_HAL_Driver/Src/stm32g4xx_hal_flash.o
LOAD ./Drivers/STM32G4xx_HAL_Driver/Src/stm32g4xx_hal_flash_ex.o
LOAD ./Drivers/STM32G4xx_HAL_Driver/Src/stm32g4xx_hal_flash_ramfunc.o
LOAD ./Drivers/STM32G4xx_HAL_Driver/Src/stm32g4xx_hal_gpio.o
LOAD ./Drivers/STM32G4xx_HAL_Driver/Src/stm32g4xx_hal_pcd.o
LOAD ./Drivers/STM32G4xx_HAL_Driver/Src/stm32g4xx_hal_pcd_ex.o
LOAD ./Drivers/STM32G4xx_HAL_Driver/Src/stm32g4xx_hal_pwr.o
LOAD ./Drivers/STM32G4xx_HAL_Driver/Src/stm32g4xx_hal_pwr_ex.o
LOAD ./Drivers/STM32G4xx_HAL_Driver/Src/stm32g4xx_hal_rcc.o
LOAD ./Drivers/STM32G4xx_HAL_Driver/Src/stm32g4xx_hal_rcc_ex.o
LOAD ./Drivers/STM32G4xx_HAL_Driver/Src/stm32g4xx_hal_rtc.o
LOAD ./Drivers/STM32G4xx_HAL_Driver/Src/stm32g4xx_hal_rtc_ex.o
LOAD ./Drivers/STM32G4xx_HAL_Driver/Src/stm32g4xx_hal_tim.o
LOAD ./Drivers/STM32G4xx_HAL_Driver/Src/stm32g4xx_hal_tim_ex.o
LOAD ./Drivers/STM32G4xx_HAL_Driver/Src/stm32g4xx_ll_adc.o
LOAD ./Drivers/STM32G4xx_HAL_Driver/Src/stm32g4xx_ll_usb.o
LOAD ./Middlewares/ST/STM32_USB_Device_Library/Class/CDC/Src/usbd_cdc.o
LOAD ./Middlewares/ST/STM32_USB_Device_Library/Core/Src/usbd_core.o
LOAD ./Middlewares/ST/STM32_USB_Device_Library/Core/Src/usbd_ctlreq.o
LOAD ./Middlewares/ST/STM32_USB_Device_Library/Core/Src/usbd_ioreq.o
LOAD ./USB_Device/App/usb_device.o
LOAD ./USB_Device/App/usbd_cdc_if.o
LOAD ./USB_Device/App/usbd_desc.o
LOAD ./USB_Device/Target/usbd_conf.o
START GROUP
LOAD /home/zabalane/SlowData/Tools/STM32CubeIDE/plugins/com.st.stm32cube.ide.mcu.externaltools.gnu-tools-for-stm32.9-2020-q2-update.linux64_2.0.0.202105311346/tools/bin/../lib/gcc/arm-none-eabi/9.3.1/../../../../arm-none-eabi/lib/thumb/v7e-m+fp/hard/libc_nano.a
LOAD /home/zabalane/SlowData/Tools/STM32CubeIDE/plugins/com.st.stm32cube.ide.mcu.externaltools.gnu-tools-for-stm32.9-2020-q2-update.linux64_2.0.0.202105311346/tools/bin/../lib/gcc/arm-none-eabi/9.3.1/../../../../arm-none-eabi/lib/thumb/v7e-m+fp/hard/libm.a
END GROUP
START GROUP
LOAD /home/zabalane/SlowData/Tools/STM32CubeIDE/plugins/com.st.stm32cube.ide.mcu.externaltools.gnu-tools-for-stm32.9-2020-q2-update.linux64_2.0.0.202105311346/tools/bin/../lib/gcc/arm-none-eabi/9.3.1/thumb/v7e-m+fp/hard/libgcc.a
LOAD /home/zabalane/SlowData/Tools/STM32CubeIDE/plugins/com.st.stm32cube.ide.mcu.externaltools.gnu-tools-for-stm32.9-2020-q2-update.linux64_2.0.0.202105311346/tools/bin/../lib/gcc/arm-none-eabi/9.3.1/../../../../arm-none-eabi/lib/thumb/v7e-m+fp/hard/libc_nano.a
END GROUP
START GROUP
LOAD /home/zabalane/SlowData/Tools/STM32CubeIDE/plugins/com.st.stm32cube.ide.mcu.externaltools.gnu-tools-for-stm32.9-2020-q2-update.linux64_2.0.0.202105311346/tools/bin/../lib/gcc/arm-none-eabi/9.3.1/thumb/v7e-m+fp/hard/libgcc.a
LOAD /home/zabalane/SlowData/Tools/STM32CubeIDE/plugins/com.st.stm32cube.ide.mcu.externaltools.gnu-tools-for-stm32.9-2020-q2-update.linux64_2.0.0.202105311346/tools/bin/../lib/gcc/arm-none-eabi/9.3.1/../../../../arm-none-eabi/lib/thumb/v7e-m+fp/hard/libc_nano.a
LOAD /home/zabalane/SlowData/Tools/STM32CubeIDE/plugins/com.st.stm32cube.ide.mcu.externaltools.gnu-tools-for-stm32.9-2020-q2-update.linux64_2.0.0.202105311346/tools/bin/../lib/gcc/arm-none-eabi/9.3.1/../../../../arm-none-eabi/lib/thumb/v7e-m+fp/hard/libnosys.a
END GROUP
START GROUP
LOAD /home/zabalane/SlowData/Tools/STM32CubeIDE/plugins/com.st.stm32cube.ide.mcu.externaltools.gnu-tools-for-stm32.9-2020-q2-update.linux64_2.0.0.202105311346/tools/bin/../lib/gcc/arm-none-eabi/9.3.1/thumb/v7e-m+fp/hard/libgcc.a
LOAD /home/zabalane/SlowData/Tools/STM32CubeIDE/plugins/com.st.stm32cube.ide.mcu.externaltools.gnu-tools-for-stm32.9-2020-q2-update.linux64_2.0.0.202105311346/tools/bin/../lib/gcc/arm-none-eabi/9.3.1/../../../../arm-none-eabi/lib/thumb/v7e-m+fp/hard/libc_nano.a
LOAD /home/zabalane/SlowData/Tools/STM32CubeIDE/plugins/com.st.stm32cube.ide.mcu.externaltools.gnu-tools-for-stm32.9-2020-q2-update.linux64_2.0.0.202105311346/tools/bin/../lib/gcc/arm-none-eabi/9.3.1/../../../../arm-none-eabi/lib/thumb/v7e-m+fp/hard/libnosys.a
END GROUP
LOAD /home/zabalane/SlowData/Tools/STM32CubeIDE/plugins/com.st.stm32cube.ide.mcu.externaltools.gnu-tools-for-stm32.9-2020-q2-update.linux64_2.0.0.202105311346/tools/bin/../lib/gcc/arm-none-eabi/9.3.1/thumb/v7e-m+fp/hard/crtend.o
LOAD /home/zabalane/SlowData/Tools/STM32CubeIDE/plugins/com.st.stm32cube.ide.mcu.externaltools.gnu-tools-for-stm32.9-2020-q2-update.linux64_2.0.0.202105311346/tools/bin/../lib/gcc/arm-none-eabi/9.3.1/thumb/v7e-m+fp/hard/crtn.o
                0x0000000020008000                _estack = (ORIGIN (RAM) + LENGTH (RAM))
                0x0000000000000200                _Min_Heap_Size = 0x200
                0x0000000000000400                _Min_Stack_Size = 0x400

.isr_vector     0x0000000008000000      0x1d8
                0x0000000008000000                . = ALIGN (0x4)
 *(.isr_vector)
 .isr_vector    0x0000000008000000      0x1d8 ./Core/Startup/startup_stm32g441kbtx.o
                0x0000000008000000                g_pfnVectors
                0x00000000080001d8                . = ALIGN (0x4)

.text           0x00000000080001d8     0xb114
                0x00000000080001d8                . = ALIGN (0x4)
 *(.text)
 .text          0x00000000080001d8       0x40 /home/zabalane/SlowData/Tools/STM32CubeIDE/plugins/com.st.stm32cube.ide.mcu.externaltools.gnu-tools-for-stm32.9-2020-q2-update.linux64_2.0.0.202105311346/tools/bin/../lib/gcc/arm-none-eabi/9.3.1/thumb/v7e-m+fp/hard/crtbegin.o
 *(.text*)
 .text.CDC_On_Receive
                0x0000000008000218       0x68 ./Core/Src/main.o
                0x0000000008000218                CDC_On_Receive
 .text.main     0x0000000008000280       0xc0 ./Core/Src/main.o
                0x0000000008000280                main
 .text.SystemClock_Config
                0x0000000008000340       0xde ./Core/Src/main.o
                0x0000000008000340                SystemClock_Config
 *fill*         0x000000000800041e        0x2 
 .text.MX_ADC1_Init
                0x0000000008000420       0xf0 ./Core/Src/main.o
 .text.MX_CRC_Init
                0x0000000008000510       0x44 ./Core/Src/main.o
 .text.MX_RTC_Init
                0x0000000008000554       0x58 ./Core/Src/main.o
 .text.MX_TIM1_Init
                0x00000000080005ac      0x140 ./Core/Src/main.o
 .text.MX_TIM2_Init
                0x00000000080006ec       0xf4 ./Core/Src/main.o
 .text.MX_TIM3_Init
                0x00000000080007e0       0xac ./Core/Src/main.o
 .text.MX_TIM4_Init
                0x000000000800088c       0xac ./Core/Src/main.o
 .text.MX_TIM8_Init
                0x0000000008000938       0xb4 ./Core/Src/main.o
 .text.MX_TIM15_Init
                0x00000000080009ec      0x10c ./Core/Src/main.o
 .text.MX_TIM16_Init
                0x0000000008000af8       0xf4 ./Core/Src/main.o
 .text.MX_TIM17_Init
                0x0000000008000bec       0xf4 ./Core/Src/main.o
 .text.MX_DMA_Init
                0x0000000008000ce0       0x54 ./Core/Src/main.o
 .text.MX_GPIO_Init
                0x0000000008000d34       0xe8 ./Core/Src/main.o
 .text.Error_Handler
                0x0000000008000e1c        0xa ./Core/Src/main.o
                0x0000000008000e1c                Error_Handler
 *fill*         0x0000000008000e26        0x2 
 .text.HAL_MspInit
                0x0000000008000e28       0x48 ./Core/Src/stm32g4xx_hal_msp.o
                0x0000000008000e28                HAL_MspInit
 .text.HAL_ADC_MspInit
                0x0000000008000e70       0x94 ./Core/Src/stm32g4xx_hal_msp.o
                0x0000000008000e70                HAL_ADC_MspInit
 .text.HAL_CRC_MspInit
                0x0000000008000f04       0x40 ./Core/Src/stm32g4xx_hal_msp.o
                0x0000000008000f04                HAL_CRC_MspInit
 .text.HAL_RTC_MspInit
                0x0000000008000f44       0x38 ./Core/Src/stm32g4xx_hal_msp.o
                0x0000000008000f44                HAL_RTC_MspInit
 .text.HAL_TIM_PWM_MspInit
                0x0000000008000f7c       0x8c ./Core/Src/stm32g4xx_hal_msp.o
                0x0000000008000f7c                HAL_TIM_PWM_MspInit
 .text.HAL_TIM_Encoder_MspInit
                0x0000000008001008      0x184 ./Core/Src/stm32g4xx_hal_msp.o
                0x0000000008001008                HAL_TIM_Encoder_MspInit
 .text.HAL_TIM_Base_MspInit
                0x000000000800118c       0x68 ./Core/Src/stm32g4xx_hal_msp.o
                0x000000000800118c                HAL_TIM_Base_MspInit
 .text.HAL_TIM_MspPostInit
                0x00000000080011f4      0x1b8 ./Core/Src/stm32g4xx_hal_msp.o
                0x00000000080011f4                HAL_TIM_MspPostInit
 .text.NMI_Handler
                0x00000000080013ac        0x6 ./Core/Src/stm32g4xx_it.o
                0x00000000080013ac                NMI_Handler
 .text.HardFault_Handler
                0x00000000080013b2        0x6 ./Core/Src/stm32g4xx_it.o
                0x00000000080013b2                HardFault_Handler
 .text.MemManage_Handler
                0x00000000080013b8        0x6 ./Core/Src/stm32g4xx_it.o
                0x00000000080013b8                MemManage_Handler
 .text.BusFault_Handler
                0x00000000080013be        0x6 ./Core/Src/stm32g4xx_it.o
                0x00000000080013be                BusFault_Handler
 .text.UsageFault_Handler
                0x00000000080013c4        0x6 ./Core/Src/stm32g4xx_it.o
                0x00000000080013c4                UsageFault_Handler
 .text.SVC_Handler
                0x00000000080013ca        0xe ./Core/Src/stm32g4xx_it.o
                0x00000000080013ca                SVC_Handler
 .text.DebugMon_Handler
                0x00000000080013d8        0xe ./Core/Src/stm32g4xx_it.o
                0x00000000080013d8                DebugMon_Handler
 .text.PendSV_Handler
                0x00000000080013e6        0xe ./Core/Src/stm32g4xx_it.o
                0x00000000080013e6                PendSV_Handler
 .text.SysTick_Handler
                0x00000000080013f4        0xc ./Core/Src/stm32g4xx_it.o
                0x00000000080013f4                SysTick_Handler
 .text.DMA1_Channel1_IRQHandler
                0x0000000008001400       0x14 ./Core/Src/stm32g4xx_it.o
                0x0000000008001400                DMA1_Channel1_IRQHandler
 .text.USB_LP_IRQHandler
                0x0000000008001414       0x14 ./Core/Src/stm32g4xx_it.o
                0x0000000008001414                USB_LP_IRQHandler
 .text.SystemInit
                0x0000000008001428       0x24 ./Core/Src/system_stm32g4xx.o
                0x0000000008001428                SystemInit
 .text.Reset_Handler
                0x000000000800144c       0x50 ./Core/Startup/startup_stm32g441kbtx.o
                0x000000000800144c                Reset_Handler
 .text.Default_Handler
                0x000000000800149c        0x2 ./Core/Startup/startup_stm32g441kbtx.o
                0x000000000800149c                RTC_Alarm_IRQHandler
                0x000000000800149c                EXTI2_IRQHandler
                0x000000000800149c                TIM8_TRG_COM_IRQHandler
                0x000000000800149c                TIM8_CC_IRQHandler
                0x000000000800149c                TIM1_CC_IRQHandler
                0x000000000800149c                USB_HP_IRQHandler
                0x000000000800149c                CORDIC_IRQHandler
                0x000000000800149c                EXTI3_IRQHandler
                0x000000000800149c                I2C3_ER_IRQHandler
                0x000000000800149c                EXTI0_IRQHandler
                0x000000000800149c                I2C2_EV_IRQHandler
                0x000000000800149c                FPU_IRQHandler
                0x000000000800149c                FDCAN1_IT1_IRQHandler
                0x000000000800149c                TIM1_UP_TIM16_IRQHandler
                0x000000000800149c                ADC1_2_IRQHandler
                0x000000000800149c                SPI1_IRQHandler
                0x000000000800149c                TIM6_DAC_IRQHandler
                0x000000000800149c                TIM8_UP_IRQHandler
                0x000000000800149c                DMA2_Channel2_IRQHandler
                0x000000000800149c                DMA1_Channel4_IRQHandler
                0x000000000800149c                USART3_IRQHandler
                0x000000000800149c                TIM4_IRQHandler
                0x000000000800149c                DMA2_Channel1_IRQHandler
                0x000000000800149c                I2C1_EV_IRQHandler
                0x000000000800149c                DMA1_Channel6_IRQHandler
                0x000000000800149c                UART4_IRQHandler
                0x000000000800149c                DMA2_Channel4_IRQHandler
                0x000000000800149c                TIM3_IRQHandler
                0x000000000800149c                RCC_IRQHandler
                0x000000000800149c                Default_Handler
                0x000000000800149c                RTC_TAMP_LSECSS_IRQHandler
                0x000000000800149c                FMAC_IRQHandler
                0x000000000800149c                EXTI15_10_IRQHandler
                0x000000000800149c                TIM7_IRQHandler
                0x000000000800149c                UCPD1_IRQHandler
                0x000000000800149c                I2C3_EV_IRQHandler
                0x000000000800149c                EXTI9_5_IRQHandler
                0x000000000800149c                RTC_WKUP_IRQHandler
                0x000000000800149c                PVD_PVM_IRQHandler
                0x000000000800149c                SPI2_IRQHandler
                0x000000000800149c                DMA2_Channel5_IRQHandler
                0x000000000800149c                CRS_IRQHandler
                0x000000000800149c                DMA1_Channel5_IRQHandler
                0x000000000800149c                EXTI4_IRQHandler
                0x000000000800149c                RNG_IRQHandler
                0x000000000800149c                TIM1_TRG_COM_TIM17_IRQHandler
                0x000000000800149c                DMA1_Channel3_IRQHandler
                0x000000000800149c                WWDG_IRQHandler
                0x000000000800149c                LPUART1_IRQHandler
                0x000000000800149c                DMA2_Channel6_IRQHandler
                0x000000000800149c                FDCAN1_IT0_IRQHandler
                0x000000000800149c                TIM2_IRQHandler
                0x000000000800149c                COMP1_2_3_IRQHandler
                0x000000000800149c                EXTI1_IRQHandler
                0x000000000800149c                AES_IRQHandler
                0x000000000800149c                USART2_IRQHandler
                0x000000000800149c                I2C2_ER_IRQHandler
                0x000000000800149c                DMA1_Channel2_IRQHandler
                0x000000000800149c                TIM8_BRK_IRQHandler
                0x000000000800149c                FLASH_IRQHandler
                0x000000000800149c                USART1_IRQHandler
                0x000000000800149c                SPI3_IRQHandler
                0x000000000800149c                I2C1_ER_IRQHandler
                0x000000000800149c                LPTIM1_IRQHandler
                0x000000000800149c                DMAMUX_OVR_IRQHandler
                0x000000000800149c                USBWakeUp_IRQHandler
                0x000000000800149c                SAI1_IRQHandler
                0x000000000800149c                DMA2_Channel3_IRQHandler
                0x000000000800149c                COMP4_IRQHandler
                0x000000000800149c                TIM1_BRK_TIM15_IRQHandler
 .text.HAL_Init
                0x000000000800149e       0x30 ./Drivers/STM32G4xx_HAL_Driver/Src/stm32g4xx_hal.o
                0x000000000800149e                HAL_Init
 *fill*         0x00000000080014ce        0x2 
 .text.HAL_InitTick
                0x00000000080014d0       0x74 ./Drivers/STM32G4xx_HAL_Driver/Src/stm32g4xx_hal.o
                0x00000000080014d0                HAL_InitTick
 .text.HAL_IncTick
                0x0000000008001544       0x24 ./Drivers/STM32G4xx_HAL_Driver/Src/stm32g4xx_hal.o
                0x0000000008001544                HAL_IncTick
 .text.HAL_GetTick
                0x0000000008001568       0x18 ./Drivers/STM32G4xx_HAL_Driver/Src/stm32g4xx_hal.o
                0x0000000008001568                HAL_GetTick
 .text.LL_ADC_SetCommonClock
                0x0000000008001580       0x26 ./Drivers/STM32G4xx_HAL_Driver/Src/stm32g4xx_hal_adc.o
 .text.LL_ADC_SetCommonPathInternalCh
                0x00000000080015a6       0x26 ./Drivers/STM32G4xx_HAL_Driver/Src/stm32g4xx_hal_adc.o
 .text.LL_ADC_GetCommonPathInternalCh
                0x00000000080015cc       0x1c ./Drivers/STM32G4xx_HAL_Driver/Src/stm32g4xx_hal_adc.o
 .text.LL_ADC_SetOffset
                0x00000000080015e8       0x48 ./Drivers/STM32G4xx_HAL_Driver/Src/stm32g4xx_hal_adc.o
 .text.LL_ADC_GetOffsetChannel
                0x0000000008001630       0x2c ./Drivers/STM32G4xx_HAL_Driver/Src/stm32g4xx_hal_adc.o
 .text.LL_ADC_SetOffsetState
                0x000000000800165c       0x36 ./Drivers/STM32G4xx_HAL_Driver/Src/stm32g4xx_hal_adc.o
 .text.LL_ADC_SetOffsetSign
                0x0000000008001692       0x36 ./Drivers/STM32G4xx_HAL_Driver/Src/stm32g4xx_hal_adc.o
 .text.LL_ADC_SetOffsetSaturation
                0x00000000080016c8       0x36 ./Drivers/STM32G4xx_HAL_Driver/Src/stm32g4xx_hal_adc.o
 .text.LL_ADC_SetSamplingTimeCommonConfig
                0x00000000080016fe       0x26 ./Drivers/STM32G4xx_HAL_Driver/Src/stm32g4xx_hal_adc.o
 .text.LL_ADC_REG_SetSequencerRanks
                0x0000000008001724       0x58 ./Drivers/STM32G4xx_HAL_Driver/Src/stm32g4xx_hal_adc.o
 .text.LL_ADC_SetChannelSamplingTime
                0x000000000800177c       0x56 ./Drivers/STM32G4xx_HAL_Driver/Src/stm32g4xx_hal_adc.o
 *fill*         0x00000000080017d2        0x2 
 .text.LL_ADC_SetChannelSingleDiff
                0x00000000080017d4       0x48 ./Drivers/STM32G4xx_HAL_Driver/Src/stm32g4xx_hal_adc.o
 .text.LL_ADC_DisableDeepPowerDown
                0x000000000800181c       0x24 ./Drivers/STM32G4xx_HAL_Driver/Src/stm32g4xx_hal_adc.o
 .text.LL_ADC_IsDeepPowerDownEnabled
                0x0000000008001840       0x28 ./Drivers/STM32G4xx_HAL_Driver/Src/stm32g4xx_hal_adc.o
 .text.LL_ADC_EnableInternalRegulator
                0x0000000008001868       0x28 ./Drivers/STM32G4xx_HAL_Driver/Src/stm32g4xx_hal_adc.o
 .text.LL_ADC_IsInternalRegulatorEnabled
                0x0000000008001890       0x28 ./Drivers/STM32G4xx_HAL_Driver/Src/stm32g4xx_hal_adc.o
 .text.LL_ADC_IsEnabled
                0x00000000080018b8       0x26 ./Drivers/STM32G4xx_HAL_Driver/Src/stm32g4xx_hal_adc.o
 .text.LL_ADC_REG_IsConversionOngoing
                0x00000000080018de       0x26 ./Drivers/STM32G4xx_HAL_Driver/Src/stm32g4xx_hal_adc.o
 .text.LL_ADC_INJ_IsConversionOngoing
                0x0000000008001904       0x26 ./Drivers/STM32G4xx_HAL_Driver/Src/stm32g4xx_hal_adc.o
 *fill*         0x000000000800192a        0x2 
 .text.HAL_ADC_Init
                0x000000000800192c      0x314 ./Drivers/STM32G4xx_HAL_Driver/Src/stm32g4xx_hal_adc.o
                0x000000000800192c                HAL_ADC_Init
 .text.HAL_ADC_ConfigChannel
                0x0000000008001c40      0x7e0 ./Drivers/STM32G4xx_HAL_Driver/Src/stm32g4xx_hal_adc.o
                0x0000000008001c40                HAL_ADC_ConfigChannel
 .text.LL_ADC_IsEnabled
                0x0000000008002420       0x26 ./Drivers/STM32G4xx_HAL_Driver/Src/stm32g4xx_hal_adc_ex.o
 .text.LL_ADC_REG_IsConversionOngoing
                0x0000000008002446       0x26 ./Drivers/STM32G4xx_HAL_Driver/Src/stm32g4xx_hal_adc_ex.o
 .text.HAL_ADCEx_MultiModeConfigChannel
                0x000000000800246c      0x148 ./Drivers/STM32G4xx_HAL_Driver/Src/stm32g4xx_hal_adc_ex.o
                0x000000000800246c                HAL_ADCEx_MultiModeConfigChannel
 .text.__NVIC_SetPriorityGrouping
                0x00000000080025b4       0x48 ./Drivers/STM32G4xx_HAL_Driver/Src/stm32g4xx_hal_cortex.o
 .text.__NVIC_GetPriorityGrouping
                0x00000000080025fc       0x1c ./Drivers/STM32G4xx_HAL_Driver/Src/stm32g4xx_hal_cortex.o
 .text.__NVIC_EnableIRQ
                0x0000000008002618       0x3c ./Drivers/STM32G4xx_HAL_Driver/Src/stm32g4xx_hal_cortex.o
 .text.__NVIC_SetPriority
                0x0000000008002654       0x54 ./Drivers/STM32G4xx_HAL_Driver/Src/stm32g4xx_hal_cortex.o
 .text.NVIC_EncodePriority
                0x00000000080026a8       0x66 ./Drivers/STM32G4xx_HAL_Driver/Src/stm32g4xx_hal_cortex.o
 *fill*         0x000000000800270e        0x2 
 .text.SysTick_Config
                0x0000000008002710       0x44 ./Drivers/STM32G4xx_HAL_Driver/Src/stm32g4xx_hal_cortex.o
 .text.HAL_NVIC_SetPriorityGrouping
                0x0000000008002754       0x16 ./Drivers/STM32G4xx_HAL_Driver/Src/stm32g4xx_hal_cortex.o
                0x0000000008002754                HAL_NVIC_SetPriorityGrouping
 .text.HAL_NVIC_SetPriority
                0x000000000800276a       0x34 ./Drivers/STM32G4xx_HAL_Driver/Src/stm32g4xx_hal_cortex.o
                0x000000000800276a                HAL_NVIC_SetPriority
 .text.HAL_NVIC_EnableIRQ
                0x000000000800279e       0x1c ./Drivers/STM32G4xx_HAL_Driver/Src/stm32g4xx_hal_cortex.o
                0x000000000800279e                HAL_NVIC_EnableIRQ
 .text.HAL_SYSTICK_Config
                0x00000000080027ba       0x18 ./Drivers/STM32G4xx_HAL_Driver/Src/stm32g4xx_hal_cortex.o
                0x00000000080027ba                HAL_SYSTICK_Config
 *fill*         0x00000000080027d2        0x2 
 .text.HAL_CRC_Init
                0x00000000080027d4       0xc8 ./Drivers/STM32G4xx_HAL_Driver/Src/stm32g4xx_hal_crc.o
                0x00000000080027d4                HAL_CRC_Init
 .text.HAL_CRC_Calculate
                0x000000000800289c       0x98 ./Drivers/STM32G4xx_HAL_Driver/Src/stm32g4xx_hal_crc.o
                0x000000000800289c                HAL_CRC_Calculate
 .text.CRC_Handle_8
                0x0000000008002934      0x11c ./Drivers/STM32G4xx_HAL_Driver/Src/stm32g4xx_hal_crc.o
 .text.CRC_Handle_16
                0x0000000008002a50       0x74 ./Drivers/STM32G4xx_HAL_Driver/Src/stm32g4xx_hal_crc.o
 .text.HAL_CRCEx_Polynomial_Set
                0x0000000008002ac4      0x10c ./Drivers/STM32G4xx_HAL_Driver/Src/stm32g4xx_hal_crc_ex.o
                0x0000000008002ac4                HAL_CRCEx_Polynomial_Set
 .text.HAL_DMA_Init
                0x0000000008002bd0      0x150 ./Drivers/STM32G4xx_HAL_Driver/Src/stm32g4xx_hal_dma.o
                0x0000000008002bd0                HAL_DMA_Init
 .text.HAL_DMA_IRQHandler
                0x0000000008002d20      0x15e ./Drivers/STM32G4xx_HAL_Driver/Src/stm32g4xx_hal_dma.o
                0x0000000008002d20                HAL_DMA_IRQHandler
 *fill*         0x0000000008002e7e        0x2 
 .text.DMA_CalcDMAMUXChannelBaseAndMask
                0x0000000008002e80       0x7c ./Drivers/STM32G4xx_HAL_Driver/Src/stm32g4xx_hal_dma.o
 .text.DMA_CalcDMAMUXRequestGenBaseAndMask
                0x0000000008002efc       0x48 ./Drivers/STM32G4xx_HAL_Driver/Src/stm32g4xx_hal_dma.o
 .text.HAL_GPIO_Init
                0x0000000008002f44      0x304 ./Drivers/STM32G4xx_HAL_Driver/Src/stm32g4xx_hal_gpio.o
                0x0000000008002f44                HAL_GPIO_Init
 .text.HAL_GPIO_WritePin
                0x0000000008003248       0x30 ./Drivers/STM32G4xx_HAL_Driver/Src/stm32g4xx_hal_gpio.o
                0x0000000008003248                HAL_GPIO_WritePin
 .text.HAL_PCD_Init
                0x0000000008003278      0x1ca ./Drivers/STM32G4xx_HAL_Driver/Src/stm32g4xx_hal_pcd.o
                0x0000000008003278                HAL_PCD_Init
 .text.HAL_PCD_Start
                0x0000000008003442       0x44 ./Drivers/STM32G4xx_HAL_Driver/Src/stm32g4xx_hal_pcd.o
                0x0000000008003442                HAL_PCD_Start
 .text.HAL_PCD_IRQHandler
                0x0000000008003486      0x29c ./Drivers/STM32G4xx_HAL_Driver/Src/stm32g4xx_hal_pcd.o
                0x0000000008003486                HAL_PCD_IRQHandler
 .text.HAL_PCD_SetAddress
                0x0000000008003722       0x4a ./Drivers/STM32G4xx_HAL_Driver/Src/stm32g4xx_hal_pcd.o
                0x0000000008003722                HAL_PCD_SetAddress
 .text.HAL_PCD_EP_Open
                0x000000000800376c       0xcc ./Drivers/STM32G4xx_HAL_Driver/Src/stm32g4xx_hal_pcd.o
                0x000000000800376c                HAL_PCD_EP_Open
 .text.HAL_PCD_EP_Close
                0x0000000008003838       0x90 ./Drivers/STM32G4xx_HAL_Driver/Src/stm32g4xx_hal_pcd.o
                0x0000000008003838                HAL_PCD_EP_Close
 .text.HAL_PCD_EP_Receive
                0x00000000080038c8       0x7a ./Drivers/STM32G4xx_HAL_Driver/Src/stm32g4xx_hal_pcd.o
                0x00000000080038c8                HAL_PCD_EP_Receive
 .text.HAL_PCD_EP_GetRxCount
                0x0000000008003942       0x30 ./Drivers/STM32G4xx_HAL_Driver/Src/stm32g4xx_hal_pcd.o
                0x0000000008003942                HAL_PCD_EP_GetRxCount
 .text.HAL_PCD_EP_Transmit
                0x0000000008003972       0x86 ./Drivers/STM32G4xx_HAL_Driver/Src/stm32g4xx_hal_pcd.o
                0x0000000008003972                HAL_PCD_EP_Transmit
 .text.HAL_PCD_EP_SetStall
                0x00000000080039f8       0xa4 ./Drivers/STM32G4xx_HAL_Driver/Src/stm32g4xx_hal_pcd.o
                0x00000000080039f8                HAL_PCD_EP_SetStall
 .text.HAL_PCD_EP_ClrStall
                0x0000000008003a9c       0xa8 ./Drivers/STM32G4xx_HAL_Driver/Src/stm32g4xx_hal_pcd.o
                0x0000000008003a9c                HAL_PCD_EP_ClrStall
 .text.PCD_EP_ISR_Handler
                0x0000000008003b44      0x5d4 ./Drivers/STM32G4xx_HAL_Driver/Src/stm32g4xx_hal_pcd.o
 .text.HAL_PCD_EP_DB_Receive
                0x0000000008004118      0x212 ./Drivers/STM32G4xx_HAL_Driver/Src/stm32g4xx_hal_pcd.o
 .text.HAL_PCD_EP_DB_Transmit
                0x000000000800432a      0x79c ./Drivers/STM32G4xx_HAL_Driver/Src/stm32g4xx_hal_pcd.o
 .text.HAL_PCDEx_PMAConfig
                0x0000000008004ac6       0x86 ./Drivers/STM32G4xx_HAL_Driver/Src/stm32g4xx_hal_pcd_ex.o
                0x0000000008004ac6                HAL_PCDEx_PMAConfig
 .text.HAL_PCDEx_ActivateLPM
                0x0000000008004b4c       0x54 ./Drivers/STM32G4xx_HAL_Driver/Src/stm32g4xx_hal_pcd_ex.o
                0x0000000008004b4c                HAL_PCDEx_ActivateLPM
 .text.HAL_PWREx_ControlVoltageScaling
                0x0000000008004ba0      0x148 ./Drivers/STM32G4xx_HAL_Driver/Src/stm32g4xx_hal_pwr_ex.o
                0x0000000008004ba0                HAL_PWREx_ControlVoltageScaling
 .text.HAL_PWREx_DisableUCPDDeadBattery
                0x0000000008004ce8       0x20 ./Drivers/STM32G4xx_HAL_Driver/Src/stm32g4xx_hal_pwr_ex.o
                0x0000000008004ce8                HAL_PWREx_DisableUCPDDeadBattery
 .text.HAL_RCC_OscConfig
                0x0000000008004d08      0x630 ./Drivers/STM32G4xx_HAL_Driver/Src/stm32g4xx_hal_rcc.o
                0x0000000008004d08                HAL_RCC_OscConfig
 .text.HAL_RCC_ClockConfig
                0x0000000008005338      0x278 ./Drivers/STM32G4xx_HAL_Driver/Src/stm32g4xx_hal_rcc.o
                0x0000000008005338                HAL_RCC_ClockConfig
 .text.HAL_RCC_GetSysClockFreq
                0x00000000080055b0       0xc4 ./Drivers/STM32G4xx_HAL_Driver/Src/stm32g4xx_hal_rcc.o
                0x00000000080055b0                HAL_RCC_GetSysClockFreq
 .text.RCC_GetSysClockFreqFromPLLSource
                0x0000000008005674       0x8c ./Drivers/STM32G4xx_HAL_Driver/Src/stm32g4xx_hal_rcc.o
 .text.HAL_RCCEx_PeriphCLKConfig
                0x0000000008005700      0x3e0 ./Drivers/STM32G4xx_HAL_Driver/Src/stm32g4xx_hal_rcc_ex.o
                0x0000000008005700                HAL_RCCEx_PeriphCLKConfig
 .text.HAL_RTC_Init
                0x0000000008005ae0       0xdc ./Drivers/STM32G4xx_HAL_Driver/Src/stm32g4xx_hal_rtc.o
                0x0000000008005ae0                HAL_RTC_Init
 .text.HAL_RTC_WaitForSynchro
                0x0000000008005bbc       0x4c ./Drivers/STM32G4xx_HAL_Driver/Src/stm32g4xx_hal_rtc.o
                0x0000000008005bbc                HAL_RTC_WaitForSynchro
 .text.RTC_EnterInitMode
                0x0000000008005c08       0x68 ./Drivers/STM32G4xx_HAL_Driver/Src/stm32g4xx_hal_rtc.o
                0x0000000008005c08                RTC_EnterInitMode
 .text.RTC_ExitInitMode
                0x0000000008005c70       0x7c ./Drivers/STM32G4xx_HAL_Driver/Src/stm32g4xx_hal_rtc.o
                0x0000000008005c70                RTC_ExitInitMode
 .text.HAL_TIM_Base_Init
                0x0000000008005cec       0xae ./Drivers/STM32G4xx_HAL_Driver/Src/stm32g4xx_hal_tim.o
                0x0000000008005cec                HAL_TIM_Base_Init
 .text.HAL_TIM_PWM_Init
                0x0000000008005d9a       0xae ./Drivers/STM32G4xx_HAL_Driver/Src/stm32g4xx_hal_tim.o
                0x0000000008005d9a                HAL_TIM_PWM_Init
 .text.HAL_TIM_Encoder_Init
                0x0000000008005e48      0x14c ./Drivers/STM32G4xx_HAL_Driver/Src/stm32g4xx_hal_tim.o
                0x0000000008005e48                HAL_TIM_Encoder_Init
 .text.HAL_TIM_PWM_ConfigChannel
                0x0000000008005f94      0x220 ./Drivers/STM32G4xx_HAL_Driver/Src/stm32g4xx_hal_tim.o
                0x0000000008005f94                HAL_TIM_PWM_ConfigChannel
 .text.TIM_Base_SetConfig
                0x00000000080061b4      0x120 ./Drivers/STM32G4xx_HAL_Driver/Src/stm32g4xx_hal_tim.o
                0x00000000080061b4                TIM_Base_SetConfig
 .text.TIM_OC1_SetConfig
                0x00000000080062d4      0x120 ./Drivers/STM32G4xx_HAL_Driver/Src/stm32g4xx_hal_tim.o
 .text.TIM_OC2_SetConfig
                0x00000000080063f4      0x114 ./Drivers/STM32G4xx_HAL_Driver/Src/stm32g4xx_hal_tim.o
                0x00000000080063f4                TIM_OC2_SetConfig
 .text.TIM_OC3_SetConfig
                0x0000000008006508      0x110 ./Drivers/STM32G4xx_HAL_Driver/Src/stm32g4xx_hal_tim.o
 .text.TIM_OC4_SetConfig
                0x0000000008006618      0x114 ./Drivers/STM32G4xx_HAL_Driver/Src/stm32g4xx_hal_tim.o
 .text.TIM_OC5_SetConfig
                0x000000000800672c       0xc8 ./Drivers/STM32G4xx_HAL_Driver/Src/stm32g4xx_hal_tim.o
 .text.TIM_OC6_SetConfig
                0x00000000080067f4       0xcc ./Drivers/STM32G4xx_HAL_Driver/Src/stm32g4xx_hal_tim.o
 .text.HAL_TIMEx_MasterConfigSynchronization
                0x00000000080068c0      0x104 ./Drivers/STM32G4xx_HAL_Driver/Src/stm32g4xx_hal_tim_ex.o
                0x00000000080068c0                HAL_TIMEx_MasterConfigSynchronization
 .text.HAL_TIMEx_ConfigBreakDeadTime
                0x00000000080069c4      0x140 ./Drivers/STM32G4xx_HAL_Driver/Src/stm32g4xx_hal_tim_ex.o
                0x00000000080069c4                HAL_TIMEx_ConfigBreakDeadTime
 .text.USB_EnableGlobalInt
                0x0000000008006b04       0x2e ./Drivers/STM32G4xx_HAL_Driver/Src/stm32g4xx_ll_usb.o
                0x0000000008006b04                USB_EnableGlobalInt
 .text.USB_DisableGlobalInt
                0x0000000008006b32       0x36 ./Drivers/STM32G4xx_HAL_Driver/Src/stm32g4xx_ll_usb.o
                0x0000000008006b32                USB_DisableGlobalInt
 .text.USB_DevInit
                0x0000000008006b68       0x42 ./Drivers/STM32G4xx_HAL_Driver/Src/stm32g4xx_ll_usb.o
                0x0000000008006b68                USB_DevInit
 *fill*         0x0000000008006baa        0x2 
 .text.USB_ActivateEndpoint
                0x0000000008006bac      0x6dc ./Drivers/STM32G4xx_HAL_Driver/Src/stm32g4xx_ll_usb.o
                0x0000000008006bac                USB_ActivateEndpoint
 .text.USB_DeactivateEndpoint
                0x0000000008007288      0x3da ./Drivers/STM32G4xx_HAL_Driver/Src/stm32g4xx_ll_usb.o
                0x0000000008007288                USB_DeactivateEndpoint
 .text.USB_EPStartXfer
                0x0000000008007662     0x15ee ./Drivers/STM32G4xx_HAL_Driver/Src/stm32g4xx_ll_usb.o
                0x0000000008007662                USB_EPStartXfer
 .text.USB_EPSetStall
                0x0000000008008c50       0xa2 ./Drivers/STM32G4xx_HAL_Driver/Src/stm32g4xx_ll_usb.o
                0x0000000008008c50                USB_EPSetStall
 .text.USB_EPClearStall
                0x0000000008008cf2      0x15c ./Drivers/STM32G4xx_HAL_Driver/Src/stm32g4xx_ll_usb.o
                0x0000000008008cf2                USB_EPClearStall
 .text.USB_SetDevAddress
                0x0000000008008e4e       0x28 ./Drivers/STM32G4xx_HAL_Driver/Src/stm32g4xx_ll_usb.o
                0x0000000008008e4e                USB_SetDevAddress
 .text.USB_DevConnect
                0x0000000008008e76       0x2e ./Drivers/STM32G4xx_HAL_Driver/Src/stm32g4xx_ll_usb.o
                0x0000000008008e76                USB_DevConnect
 .text.USB_ReadInterrupts
                0x0000000008008ea4       0x20 ./Drivers/STM32G4xx_HAL_Driver/Src/stm32g4xx_ll_usb.o
                0x0000000008008ea4                USB_ReadInterrupts
 .text.USB_WritePMA
                0x0000000008008ec4       0x84 ./Drivers/STM32G4xx_HAL_Driver/Src/stm32g4xx_ll_usb.o
                0x0000000008008ec4                USB_WritePMA
 .text.USB_ReadPMA
                0x0000000008008f48       0x98 ./Drivers/STM32G4xx_HAL_Driver/Src/stm32g4xx_ll_usb.o
                0x0000000008008f48                USB_ReadPMA
 .text.USBD_CDC_Init
                0x0000000008008fe0       0xfe ./Middlewares/ST/STM32_USB_Device_Library/Class/CDC/Src/usbd_cdc.o
 .text.USBD_CDC_DeInit
                0x00000000080090de       0x74 ./Middlewares/ST/STM32_USB_Device_Library/Class/CDC/Src/usbd_cdc.o
 *fill*         0x0000000008009152        0x2 
 .text.USBD_CDC_Setup
                0x0000000008009154      0x190 ./Middlewares/ST/STM32_USB_Device_Library/Class/CDC/Src/usbd_cdc.o
 .text.USBD_CDC_DataIn
                0x00000000080092e4       0xca ./Middlewares/ST/STM32_USB_Device_Library/Class/CDC/Src/usbd_cdc.o
 .text.USBD_CDC_DataOut
                0x00000000080093ae       0x56 ./Middlewares/ST/STM32_USB_Device_Library/Class/CDC/Src/usbd_cdc.o
 .text.USBD_CDC_EP0_RxReady
                0x0000000008009404       0x5a ./Middlewares/ST/STM32_USB_Device_Library/Class/CDC/Src/usbd_cdc.o
 *fill*         0x000000000800945e        0x2 
 .text.USBD_CDC_GetFSCfgDesc
                0x0000000008009460       0x20 ./Middlewares/ST/STM32_USB_Device_Library/Class/CDC/Src/usbd_cdc.o
 .text.USBD_CDC_GetHSCfgDesc
                0x0000000008009480       0x20 ./Middlewares/ST/STM32_USB_Device_Library/Class/CDC/Src/usbd_cdc.o
 .text.USBD_CDC_GetOtherSpeedCfgDesc
                0x00000000080094a0       0x20 ./Middlewares/ST/STM32_USB_Device_Library/Class/CDC/Src/usbd_cdc.o
 .text.USBD_CDC_GetDeviceQualifierDescriptor
                0x00000000080094c0       0x20 ./Middlewares/ST/STM32_USB_Device_Library/Class/CDC/Src/usbd_cdc.o
                0x00000000080094c0                USBD_CDC_GetDeviceQualifierDescriptor
 .text.USBD_CDC_RegisterInterface
                0x00000000080094e0       0x2a ./Middlewares/ST/STM32_USB_Device_Library/Class/CDC/Src/usbd_cdc.o
                0x00000000080094e0                USBD_CDC_RegisterInterface
 .text.USBD_CDC_SetTxBuffer
                0x000000000800950a       0x3c ./Middlewares/ST/STM32_USB_Device_Library/Class/CDC/Src/usbd_cdc.o
                0x000000000800950a                USBD_CDC_SetTxBuffer
 .text.USBD_CDC_SetRxBuffer
                0x0000000008009546       0x32 ./Middlewares/ST/STM32_USB_Device_Library/Class/CDC/Src/usbd_cdc.o
                0x0000000008009546                USBD_CDC_SetRxBuffer
 .text.USBD_CDC_TransmitPacket
                0x0000000008009578       0x60 ./Middlewares/ST/STM32_USB_Device_Library/Class/CDC/Src/usbd_cdc.o
                0x0000000008009578                USBD_CDC_TransmitPacket
 .text.USBD_CDC_ReceivePacket
                0x00000000080095d8       0x54 ./Middlewares/ST/STM32_USB_Device_Library/Class/CDC/Src/usbd_cdc.o
                0x00000000080095d8                USBD_CDC_ReceivePacket
 .text.USBD_Init
                0x000000000800962c       0x60 ./Middlewares/ST/STM32_USB_Device_Library/Core/Src/usbd_core.o
                0x000000000800962c                USBD_Init
 .text.USBD_RegisterClass
                0x000000000800968c       0x4e ./Middlewares/ST/STM32_USB_Device_Library/Core/Src/usbd_core.o
                0x000000000800968c                USBD_RegisterClass
 .text.USBD_Start
                0x00000000080096da       0x18 ./Middlewares/ST/STM32_USB_Device_Library/Core/Src/usbd_core.o
                0x00000000080096da                USBD_Start
 .text.USBD_RunTestMode
                0x00000000080096f2       0x16 ./Middlewares/ST/STM32_USB_Device_Library/Core/Src/usbd_core.o
                0x00000000080096f2                USBD_RunTestMode
 .text.USBD_SetClassConfig
                0x0000000008009708       0x38 ./Middlewares/ST/STM32_USB_Device_Library/Core/Src/usbd_core.o
                0x0000000008009708                USBD_SetClassConfig
 .text.USBD_ClrClassConfig
                0x0000000008009740       0x30 ./Middlewares/ST/STM32_USB_Device_Library/Core/Src/usbd_core.o
                0x0000000008009740                USBD_ClrClassConfig
 .text.USBD_LL_SetupStage
                0x0000000008009770       0xaa ./Middlewares/ST/STM32_USB_Device_Library/Core/Src/usbd_core.o
                0x0000000008009770                USBD_LL_SetupStage
 .text.USBD_LL_DataOutStage
                0x000000000800981a       0xc6 ./Middlewares/ST/STM32_USB_Device_Library/Core/Src/usbd_core.o
                0x000000000800981a                USBD_LL_DataOutStage
 .text.USBD_LL_DataInStage
                0x00000000080098e0      0x12c ./Middlewares/ST/STM32_USB_Device_Library/Core/Src/usbd_core.o
                0x00000000080098e0                USBD_LL_DataInStage
 .text.USBD_LL_Reset
                0x0000000008009a0c       0x9c ./Middlewares/ST/STM32_USB_Device_Library/Core/Src/usbd_core.o
                0x0000000008009a0c                USBD_LL_Reset
 .text.USBD_LL_SetSpeed
                0x0000000008009aa8       0x20 ./Middlewares/ST/STM32_USB_Device_Library/Core/Src/usbd_core.o
                0x0000000008009aa8                USBD_LL_SetSpeed
 .text.USBD_LL_Suspend
                0x0000000008009ac8       0x2c ./Middlewares/ST/STM32_USB_Device_Library/Core/Src/usbd_core.o
                0x0000000008009ac8                USBD_LL_Suspend
 .text.USBD_LL_Resume
                0x0000000008009af4       0x30 ./Middlewares/ST/STM32_USB_Device_Library/Core/Src/usbd_core.o
                0x0000000008009af4                USBD_LL_Resume
 .text.USBD_LL_SOF
                0x0000000008009b24       0x44 ./Middlewares/ST/STM32_USB_Device_Library/Core/Src/usbd_core.o
                0x0000000008009b24                USBD_LL_SOF
 .text.SWAPBYTE
                0x0000000008009b68       0x3c ./Middlewares/ST/STM32_USB_Device_Library/Core/Src/usbd_ctlreq.o
 .text.USBD_StdDevReq
                0x0000000008009ba4       0xdc ./Middlewares/ST/STM32_USB_Device_Library/Core/Src/usbd_ctlreq.o
                0x0000000008009ba4                USBD_StdDevReq
 .text.USBD_StdItfReq
                0x0000000008009c80       0x92 ./Middlewares/ST/STM32_USB_Device_Library/Core/Src/usbd_ctlreq.o
                0x0000000008009c80                USBD_StdItfReq
 .text.USBD_StdEPReq
                0x0000000008009d12      0x2c4 ./Middlewares/ST/STM32_USB_Device_Library/Core/Src/usbd_ctlreq.o
                0x0000000008009d12                USBD_StdEPReq
 *fill*         0x0000000008009fd6        0x2 
 .text.USBD_GetDescriptor
                0x0000000008009fd8      0x328 ./Middlewares/ST/STM32_USB_Device_Library/Core/Src/usbd_ctlreq.o
 .text.USBD_SetAddress
                0x000000000800a300       0x88 ./Middlewares/ST/STM32_USB_Device_Library/Core/Src/usbd_ctlreq.o
 .text.USBD_SetConfig
                0x000000000800a388      0x14c ./Middlewares/ST/STM32_USB_Device_Library/Core/Src/usbd_ctlreq.o
 .text.USBD_GetConfig
                0x000000000800a4d4       0x6c ./Middlewares/ST/STM32_USB_Device_Library/Core/Src/usbd_ctlreq.o
 .text.USBD_GetStatus
                0x000000000800a540       0x68 ./Middlewares/ST/STM32_USB_Device_Library/Core/Src/usbd_ctlreq.o
 .text.USBD_SetFeature
                0x000000000800a5a8       0x28 ./Middlewares/ST/STM32_USB_Device_Library/Core/Src/usbd_ctlreq.o
 .text.USBD_ClrFeature
                0x000000000800a5d0       0x44 ./Middlewares/ST/STM32_USB_Device_Library/Core/Src/usbd_ctlreq.o
 .text.USBD_ParseSetupRequest
                0x000000000800a614       0x74 ./Middlewares/ST/STM32_USB_Device_Library/Core/Src/usbd_ctlreq.o
                0x000000000800a614                USBD_ParseSetupRequest
 .text.USBD_CtlError
                0x000000000800a688       0x22 ./Middlewares/ST/STM32_USB_Device_Library/Core/Src/usbd_ctlreq.o
                0x000000000800a688                USBD_CtlError
 .text.USBD_GetString
                0x000000000800a6aa       0x8c ./Middlewares/ST/STM32_USB_Device_Library/Core/Src/usbd_ctlreq.o
                0x000000000800a6aa                USBD_GetString
 .text.USBD_GetLen
                0x000000000800a736       0x34 ./Middlewares/ST/STM32_USB_Device_Library/Core/Src/usbd_ctlreq.o
 .text.USBD_CtlSendData
                0x000000000800a76a       0x36 ./Middlewares/ST/STM32_USB_Device_Library/Core/Src/usbd_ioreq.o
                0x000000000800a76a                USBD_CtlSendData
 .text.USBD_CtlContinueSendData
                0x000000000800a7a0       0x22 ./Middlewares/ST/STM32_USB_Device_Library/Core/Src/usbd_ioreq.o
                0x000000000800a7a0                USBD_CtlContinueSendData
 .text.USBD_CtlPrepareRx
                0x000000000800a7c2       0x3a ./Middlewares/ST/STM32_USB_Device_Library/Core/Src/usbd_ioreq.o
                0x000000000800a7c2                USBD_CtlPrepareRx
 .text.USBD_CtlContinueRx
                0x000000000800a7fc       0x22 ./Middlewares/ST/STM32_USB_Device_Library/Core/Src/usbd_ioreq.o
                0x000000000800a7fc                USBD_CtlContinueRx
 .text.USBD_CtlSendStatus
                0x000000000800a81e       0x26 ./Middlewares/ST/STM32_USB_Device_Library/Core/Src/usbd_ioreq.o
                0x000000000800a81e                USBD_CtlSendStatus
 .text.USBD_CtlReceiveStatus
                0x000000000800a844       0x26 ./Middlewares/ST/STM32_USB_Device_Library/Core/Src/usbd_ioreq.o
                0x000000000800a844                USBD_CtlReceiveStatus
 *fill*         0x000000000800a86a        0x2 
 .text.MX_USB_Device_Init
                0x000000000800a86c       0x60 ./USB_Device/App/usb_device.o
                0x000000000800a86c                MX_USB_Device_Init
 .text.CDC_Init_FS
                0x000000000800a8cc       0x28 ./USB_Device/App/usbd_cdc_if.o
 .text.CDC_DeInit_FS
                0x000000000800a8f4       0x10 ./USB_Device/App/usbd_cdc_if.o
 .text.CDC_Control_FS
                0x000000000800a904       0xbc ./USB_Device/App/usbd_cdc_if.o
 .text.CDC_Receive_FS
                0x000000000800a9c0       0x30 ./USB_Device/App/usbd_cdc_if.o
 .text.CDC_Transmit_FS
                0x000000000800a9f0       0x4c ./USB_Device/App/usbd_cdc_if.o
                0x000000000800a9f0                CDC_Transmit_FS
 .text.CDC_TransmitCplt_FS
                0x000000000800aa3c       0x22 ./USB_Device/App/usbd_cdc_if.o
 *fill*         0x000000000800aa5e        0x2 
 .text.USBD_CDC_DeviceDescriptor
                0x000000000800aa60       0x24 ./USB_Device/App/usbd_desc.o
                0x000000000800aa60                USBD_CDC_DeviceDescriptor
 .text.USBD_CDC_LangIDStrDescriptor
                0x000000000800aa84       0x24 ./USB_Device/App/usbd_desc.o
                0x000000000800aa84                USBD_CDC_LangIDStrDescriptor
 .text.USBD_CDC_ProductStrDescriptor
                0x000000000800aaa8       0x3c ./USB_Device/App/usbd_desc.o
                0x000000000800aaa8                USBD_CDC_ProductStrDescriptor
 .text.USBD_CDC_ManufacturerStrDescriptor
                0x000000000800aae4       0x28 ./USB_Device/App/usbd_desc.o
                0x000000000800aae4                USBD_CDC_ManufacturerStrDescriptor
 .text.USBD_CDC_SerialStrDescriptor
                0x000000000800ab0c       0x24 ./USB_Device/App/usbd_desc.o
                0x000000000800ab0c                USBD_CDC_SerialStrDescriptor
 .text.USBD_CDC_ConfigStrDescriptor
                0x000000000800ab30       0x3c ./USB_Device/App/usbd_desc.o
                0x000000000800ab30                USBD_CDC_ConfigStrDescriptor
 .text.USBD_CDC_InterfaceStrDescriptor
                0x000000000800ab6c       0x3c ./USB_Device/App/usbd_desc.o
                0x000000000800ab6c                USBD_CDC_InterfaceStrDescriptor
 .text.Get_SerialNum
                0x000000000800aba8       0x58 ./USB_Device/App/usbd_desc.o
 .text.IntToUnicode
                0x000000000800ac00       0x7e ./USB_Device/App/usbd_desc.o
 *fill*         0x000000000800ac7e        0x2 
 .text.HAL_PCD_MspInit
                0x000000000800ac80       0x4c ./USB_Device/Target/usbd_conf.o
                0x000000000800ac80                HAL_PCD_MspInit
 .text.HAL_PCD_SetupStageCallback
                0x000000000800accc       0x24 ./USB_Device/Target/usbd_conf.o
                0x000000000800accc                HAL_PCD_SetupStageCallback
 .text.HAL_PCD_DataOutStageCallback
                0x000000000800acf0       0x36 ./USB_Device/Target/usbd_conf.o
                0x000000000800acf0                HAL_PCD_DataOutStageCallback
 .text.HAL_PCD_DataInStageCallback
                0x000000000800ad26       0x34 ./USB_Device/Target/usbd_conf.o
                0x000000000800ad26                HAL_PCD_DataInStageCallback
 .text.HAL_PCD_SOFCallback
                0x000000000800ad5a       0x1c ./USB_Device/Target/usbd_conf.o
                0x000000000800ad5a                HAL_PCD_SOFCallback
 .text.HAL_PCD_ResetCallback
                0x000000000800ad76       0x3c ./USB_Device/Target/usbd_conf.o
                0x000000000800ad76                HAL_PCD_ResetCallback
 *fill*         0x000000000800adb2        0x2 
 .text.HAL_PCD_SuspendCallback
                0x000000000800adb4       0x34 ./USB_Device/Target/usbd_conf.o
                0x000000000800adb4                HAL_PCD_SuspendCallback
 .text.HAL_PCD_ResumeCallback
                0x000000000800ade8       0x38 ./USB_Device/Target/usbd_conf.o
                0x000000000800ade8                HAL_PCD_ResumeCallback
 .text.USBD_LL_Init
                0x000000000800ae20       0xc0 ./USB_Device/Target/usbd_conf.o
                0x000000000800ae20                USBD_LL_Init
 .text.USBD_LL_Start
                0x000000000800aee0       0x36 ./USB_Device/Target/usbd_conf.o
                0x000000000800aee0                USBD_LL_Start
 .text.USBD_LL_OpenEP
                0x000000000800af16       0x4c ./USB_Device/Target/usbd_conf.o
                0x000000000800af16                USBD_LL_OpenEP
 .text.USBD_LL_CloseEP
                0x000000000800af62       0x3e ./USB_Device/Target/usbd_conf.o
                0x000000000800af62                USBD_LL_CloseEP
 .text.USBD_LL_StallEP
                0x000000000800afa0       0x3e ./USB_Device/Target/usbd_conf.o
                0x000000000800afa0                USBD_LL_StallEP
 .text.USBD_LL_ClearStallEP
                0x000000000800afde       0x3e ./USB_Device/Target/usbd_conf.o
                0x000000000800afde                USBD_LL_ClearStallEP
 .text.USBD_LL_IsStallEP
                0x000000000800b01c       0x5a ./USB_Device/Target/usbd_conf.o
                0x000000000800b01c                USBD_LL_IsStallEP
 .text.USBD_LL_SetUSBAddress
                0x000000000800b076       0x3e ./USB_Device/Target/usbd_conf.o
                0x000000000800b076                USBD_LL_SetUSBAddress
 .text.USBD_LL_Transmit
                0x000000000800b0b4       0x42 ./USB_Device/Target/usbd_conf.o
                0x000000000800b0b4                USBD_LL_Transmit
 .text.USBD_LL_PrepareReceive
                0x000000000800b0f6       0x42 ./USB_Device/Target/usbd_conf.o
                0x000000000800b0f6                USBD_LL_PrepareReceive
 .text.USBD_LL_GetRxDataSize
                0x000000000800b138       0x26 ./USB_Device/Target/usbd_conf.o
                0x000000000800b138                USBD_LL_GetRxDataSize
 *fill*         0x000000000800b15e        0x2 
 .text.HAL_PCDEx_LPM_Callback
                0x000000000800b160       0x6c ./USB_Device/Target/usbd_conf.o
                0x000000000800b160                HAL_PCDEx_LPM_Callback
 .text.USBD_static_malloc
                0x000000000800b1cc       0x1c ./USB_Device/Target/usbd_conf.o
                0x000000000800b1cc                USBD_static_malloc
 .text.USBD_static_free
                0x000000000800b1e8       0x14 ./USB_Device/Target/usbd_conf.o
                0x000000000800b1e8                USBD_static_free
 .text.SystemClockConfig_Resume
                0x000000000800b1fc        0xc ./USB_Device/Target/usbd_conf.o
 .text.USBD_Get_USB_Status
                0x000000000800b208       0x58 ./USB_Device/Target/usbd_conf.o
 .text.__libc_init_array
                0x000000000800b260       0x48 /home/zabalane/SlowData/Tools/STM32CubeIDE/plugins/com.st.stm32cube.ide.mcu.externaltools.gnu-tools-for-stm32.9-2020-q2-update.linux64_2.0.0.202105311346/tools/bin/../lib/gcc/arm-none-eabi/9.3.1/../../../../arm-none-eabi/lib/thumb/v7e-m+fp/hard/libc_nano.a(lib_a-init.o)
                0x000000000800b260                __libc_init_array
 .text.memcpy   0x000000000800b2a8       0x1c /home/zabalane/SlowData/Tools/STM32CubeIDE/plugins/com.st.stm32cube.ide.mcu.externaltools.gnu-tools-for-stm32.9-2020-q2-update.linux64_2.0.0.202105311346/tools/bin/../lib/gcc/arm-none-eabi/9.3.1/../../../../arm-none-eabi/lib/thumb/v7e-m+fp/hard/libc_nano.a(lib_a-memcpy-stub.o)
                0x000000000800b2a8                memcpy
 .text.memset   0x000000000800b2c4       0x10 /home/zabalane/SlowData/Tools/STM32CubeIDE/plugins/com.st.stm32cube.ide.mcu.externaltools.gnu-tools-for-stm32.9-2020-q2-update.linux64_2.0.0.202105311346/tools/bin/../lib/gcc/arm-none-eabi/9.3.1/../../../../arm-none-eabi/lib/thumb/v7e-m+fp/hard/libc_nano.a(lib_a-memset.o)
                0x000000000800b2c4                memset
 *(.glue_7)
 .glue_7        0x000000000800b2d4        0x0 linker stubs
 *(.glue_7t)
 .glue_7t       0x000000000800b2d4        0x0 linker stubs
 *(.eh_frame)
 .eh_frame      0x000000000800b2d4        0x0 /home/zabalane/SlowData/Tools/STM32CubeIDE/plugins/com.st.stm32cube.ide.mcu.externaltools.gnu-tools-for-stm32.9-2020-q2-update.linux64_2.0.0.202105311346/tools/bin/../lib/gcc/arm-none-eabi/9.3.1/thumb/v7e-m+fp/hard/crtbegin.o
 *(.init)
 .init          0x000000000800b2d4        0x4 /home/zabalane/SlowData/Tools/STM32CubeIDE/plugins/com.st.stm32cube.ide.mcu.externaltools.gnu-tools-for-stm32.9-2020-q2-update.linux64_2.0.0.202105311346/tools/bin/../lib/gcc/arm-none-eabi/9.3.1/thumb/v7e-m+fp/hard/crti.o
                0x000000000800b2d4                _init
 .init          0x000000000800b2d8        0x8 /home/zabalane/SlowData/Tools/STM32CubeIDE/plugins/com.st.stm32cube.ide.mcu.externaltools.gnu-tools-for-stm32.9-2020-q2-update.linux64_2.0.0.202105311346/tools/bin/../lib/gcc/arm-none-eabi/9.3.1/thumb/v7e-m+fp/hard/crtn.o
 *(.fini)
 .fini          0x000000000800b2e0        0x4 /home/zabalane/SlowData/Tools/STM32CubeIDE/plugins/com.st.stm32cube.ide.mcu.externaltools.gnu-tools-for-stm32.9-2020-q2-update.linux64_2.0.0.202105311346/tools/bin/../lib/gcc/arm-none-eabi/9.3.1/thumb/v7e-m+fp/hard/crti.o
                0x000000000800b2e0                _fini
 .fini          0x000000000800b2e4        0x8 /home/zabalane/SlowData/Tools/STM32CubeIDE/plugins/com.st.stm32cube.ide.mcu.externaltools.gnu-tools-for-stm32.9-2020-q2-update.linux64_2.0.0.202105311346/tools/bin/../lib/gcc/arm-none-eabi/9.3.1/thumb/v7e-m+fp/hard/crtn.o
                0x000000000800b2ec                . = ALIGN (0x4)
                0x000000000800b2ec                _etext = .

.vfp11_veneer   0x000000000800b2ec        0x0
 .vfp11_veneer  0x000000000800b2ec        0x0 linker stubs

.v4_bx          0x000000000800b2ec        0x0
 .v4_bx         0x000000000800b2ec        0x0 linker stubs

.iplt           0x000000000800b2ec        0x0
 .iplt          0x000000000800b2ec        0x0 /home/zabalane/SlowData/Tools/STM32CubeIDE/plugins/com.st.stm32cube.ide.mcu.externaltools.gnu-tools-for-stm32.9-2020-q2-update.linux64_2.0.0.202105311346/tools/bin/../lib/gcc/arm-none-eabi/9.3.1/thumb/v7e-m+fp/hard/crtbegin.o

.rodata         0x000000000800b2ec       0x58
                0x000000000800b2ec                . = ALIGN (0x4)
 *(.rodata)
 .rodata        0x000000000800b2ec       0x46 ./USB_Device/App/usbd_desc.o
 *(.rodata*)
 *fill*         0x000000000800b332        0x2 
 .rodata.AHBPrescTable
                0x000000000800b334       0x10 ./Core/Src/system_stm32g4xx.o
                0x000000000800b334                AHBPrescTable
                0x000000000800b344                . = ALIGN (0x4)

.rel.dyn        0x000000000800b344        0x0
 .rel.iplt      0x000000000800b344        0x0 /home/zabalane/SlowData/Tools/STM32CubeIDE/plugins/com.st.stm32cube.ide.mcu.externaltools.gnu-tools-for-stm32.9-2020-q2-update.linux64_2.0.0.202105311346/tools/bin/../lib/gcc/arm-none-eabi/9.3.1/thumb/v7e-m+fp/hard/crtbegin.o

.ARM.extab      0x000000000800b344        0x0
                0x000000000800b344                . = ALIGN (0x4)
 *(.ARM.extab* .gnu.linkonce.armextab.*)
                0x000000000800b344                . = ALIGN (0x4)

.ARM            0x000000000800b344        0x0
                0x000000000800b344                . = ALIGN (0x4)
                0x000000000800b344                __exidx_start = .
 *(.ARM.exidx*)
                0x000000000800b344                __exidx_end = .
                0x000000000800b344                . = ALIGN (0x4)

.preinit_array  0x000000000800b344        0x0
                0x000000000800b344                . = ALIGN (0x4)
                0x000000000800b344                PROVIDE (__preinit_array_start = .)
 *(.preinit_array*)
                0x000000000800b344                PROVIDE (__preinit_array_end = .)
                0x000000000800b344                . = ALIGN (0x4)

.init_array     0x000000000800b344        0x4
                0x000000000800b344                . = ALIGN (0x4)
                0x000000000800b344                PROVIDE (__init_array_start = .)
 *(SORT_BY_NAME(.init_array.*))
 *(.init_array*)
 .init_array    0x000000000800b344        0x4 /home/zabalane/SlowData/Tools/STM32CubeIDE/plugins/com.st.stm32cube.ide.mcu.externaltools.gnu-tools-for-stm32.9-2020-q2-update.linux64_2.0.0.202105311346/tools/bin/../lib/gcc/arm-none-eabi/9.3.1/thumb/v7e-m+fp/hard/crtbegin.o
                0x000000000800b348                PROVIDE (__init_array_end = .)
                0x000000000800b348                . = ALIGN (0x4)

.fini_array     0x000000000800b348        0x4
                0x000000000800b348                . = ALIGN (0x4)
                [!provide]                        PROVIDE (__fini_array_start = .)
 *(SORT_BY_NAME(.fini_array.*))
 *(.fini_array*)
 .fini_array    0x000000000800b348        0x4 /home/zabalane/SlowData/Tools/STM32CubeIDE/plugins/com.st.stm32cube.ide.mcu.externaltools.gnu-tools-for-stm32.9-2020-q2-update.linux64_2.0.0.202105311346/tools/bin/../lib/gcc/arm-none-eabi/9.3.1/thumb/v7e-m+fp/hard/crtbegin.o
                [!provide]                        PROVIDE (__fini_array_end = .)
                0x000000000800b34c                . = ALIGN (0x4)
                0x000000000800b34c                _sidata = LOADADDR (.data)

.data           0x0000000020000000      0x184 load address 0x000000000800b34c
                0x0000000020000000                . = ALIGN (0x4)
                0x0000000020000000                _sdata = .
 *(.data)
 *(.data*)
 .data.SystemCoreClock
                0x0000000020000000        0x4 ./Core/Src/system_stm32g4xx.o
                0x0000000020000000                SystemCoreClock
 .data.uwTickPrio
                0x0000000020000004        0x4 ./Drivers/STM32G4xx_HAL_Driver/Src/stm32g4xx_hal.o
                0x0000000020000004                uwTickPrio
 .data.uwTickFreq
                0x0000000020000008        0x4 ./Drivers/STM32G4xx_HAL_Driver/Src/stm32g4xx_hal.o
                0x0000000020000008                uwTickFreq
 .data.USBD_CDC_DeviceQualifierDesc
                0x000000002000000c        0xa ./Middlewares/ST/STM32_USB_Device_Library/Class/CDC/Src/usbd_cdc.o
 *fill*         0x0000000020000016        0x2 
 .data.USBD_CDC
                0x0000000020000018       0x38 ./Middlewares/ST/STM32_USB_Device_Library/Class/CDC/Src/usbd_cdc.o
                0x0000000020000018                USBD_CDC
 .data.USBD_CDC_CfgHSDesc
                0x0000000020000050       0x43 ./Middlewares/ST/STM32_USB_Device_Library/Class/CDC/Src/usbd_cdc.o
 *fill*         0x0000000020000093        0x1 
 .data.USBD_CDC_CfgFSDesc
                0x0000000020000094       0x43 ./Middlewares/ST/STM32_USB_Device_Library/Class/CDC/Src/usbd_cdc.o
 *fill*         0x00000000200000d7        0x1 
 .data.USBD_CDC_OtherSpeedCfgDesc
                0x00000000200000d8       0x43 ./Middlewares/ST/STM32_USB_Device_Library/Class/CDC/Src/usbd_cdc.o
 *fill*         0x000000002000011b        0x1 
 .data.USBD_Interface_fops_FS
                0x000000002000011c       0x14 ./USB_Device/App/usbd_cdc_if.o
                0x000000002000011c                USBD_Interface_fops_FS
 .data.CDC_Desc
                0x0000000020000130       0x20 ./USB_Device/App/usbd_desc.o
                0x0000000020000130                CDC_Desc
 .data.USBD_CDC_DeviceDesc
                0x0000000020000150       0x12 ./USB_Device/App/usbd_desc.o
                0x0000000020000150                USBD_CDC_DeviceDesc
 *fill*         0x0000000020000162        0x2 
 .data.USBD_LangIDDesc
                0x0000000020000164        0x4 ./USB_Device/App/usbd_desc.o
                0x0000000020000164                USBD_LangIDDesc
 .data.USBD_StringSerial
                0x0000000020000168       0x1a ./USB_Device/App/usbd_desc.o
                0x0000000020000168                USBD_StringSerial
 *(.RamFunc)
 *(.RamFunc*)
                0x0000000020000184                . = ALIGN (0x4)
 *fill*         0x0000000020000182        0x2 
                0x0000000020000184                _edata = .

.igot.plt       0x0000000020000184        0x0 load address 0x000000000800b4d0
 .igot.plt      0x0000000020000184        0x0 /home/zabalane/SlowData/Tools/STM32CubeIDE/plugins/com.st.stm32cube.ide.mcu.externaltools.gnu-tools-for-stm32.9-2020-q2-update.linux64_2.0.0.202105311346/tools/bin/../lib/gcc/arm-none-eabi/9.3.1/thumb/v7e-m+fp/hard/crtbegin.o
                0x0000000020000184                . = ALIGN (0x4)

.bss            0x0000000020000184     0x155c load address 0x000000000800b4d0
                0x0000000020000184                _sbss = .
                0x0000000020000184                __bss_start__ = _sbss
 *(.bss)
 .bss           0x0000000020000184       0x1c /home/zabalane/SlowData/Tools/STM32CubeIDE/plugins/com.st.stm32cube.ide.mcu.externaltools.gnu-tools-for-stm32.9-2020-q2-update.linux64_2.0.0.202105311346/tools/bin/../lib/gcc/arm-none-eabi/9.3.1/thumb/v7e-m+fp/hard/crtbegin.o
 *(.bss*)
 .bss.cmd_in    0x00000000200001a0        0xa ./Core/Src/main.o
                0x00000000200001a0                cmd_in
 .bss.is_command_received
                0x00000000200001aa        0x1 ./Core/Src/main.o
                0x00000000200001aa                is_command_received
 .bss.cfgidx.11882
                0x00000000200001ab        0x1 ./Middlewares/ST/STM32_USB_Device_Library/Core/Src/usbd_ctlreq.o
 .bss.mem.11960
                0x00000000200001ac      0x220 ./USB_Device/Target/usbd_conf.o
 *(COMMON)
 COMMON         0x00000000200003cc      0x37c ./Core/Src/main.o
                0x00000000200003cc                htim8
                0x0000000020000418                htim4
                0x0000000020000464                htim15
                0x00000000200004b0                hcrc
                0x00000000200004d4                htim17
                0x0000000020000520                htim3
                0x000000002000056c                hadc1
                0x00000000200005d8                hdma_adc1
                0x0000000020000638                hrtc
                0x0000000020000660                htim1
                0x00000000200006ac                htim2
                0x00000000200006f8                mcu_error
                0x00000000200006fc                htim16
 COMMON         0x0000000020000748        0x4 ./Drivers/STM32G4xx_HAL_Driver/Src/stm32g4xx_hal.o
                0x0000000020000748                uwTick
 COMMON         0x000000002000074c      0x2d0 ./USB_Device/App/usb_device.o
                0x000000002000074c                hUsbDeviceFS
 COMMON         0x0000000020000a1c      0x7d0 ./USB_Device/App/usbd_cdc_if.o
                0x0000000020000a1c                UserRxBufferFS
                0x0000000020000e04                UserTxBufferFS
 COMMON         0x00000000200011ec      0x200 ./USB_Device/App/usbd_desc.o
                0x00000000200011ec                USBD_StrDesc
 COMMON         0x00000000200013ec      0x2f4 ./USB_Device/Target/usbd_conf.o
                0x00000000200013ec                hpcd_USB_FS
                0x00000000200016e0                . = ALIGN (0x4)
                0x00000000200016e0                _ebss = .
                0x00000000200016e0                __bss_end__ = _ebss

._user_heap_stack
                0x00000000200016e0      0x600 load address 0x000000000800b4d0
                0x00000000200016e0                . = ALIGN (0x8)
                [!provide]                        PROVIDE (end = .)
                0x00000000200016e0                PROVIDE (_end = .)
                0x00000000200018e0                . = (. + _Min_Heap_Size)
 *fill*         0x00000000200016e0      0x200 
                0x0000000020001ce0                . = (. + _Min_Stack_Size)
 *fill*         0x00000000200018e0      0x400 
                0x0000000020001ce0                . = ALIGN (0x8)

/DISCARD/
 libc.a(*)
 libm.a(*)
 libgcc.a(*)

.ARM.attributes
                0x0000000000000000       0x30
 *(.ARM.attributes)
 .ARM.attributes
                0x0000000000000000       0x1e /home/zabalane/SlowData/Tools/STM32CubeIDE/plugins/com.st.stm32cube.ide.mcu.externaltools.gnu-tools-for-stm32.9-2020-q2-update.linux64_2.0.0.202105311346/tools/bin/../lib/gcc/arm-none-eabi/9.3.1/thumb/v7e-m+fp/hard/crti.o
 .ARM.attributes
                0x000000000000001e       0x34 /home/zabalane/SlowData/Tools/STM32CubeIDE/plugins/com.st.stm32cube.ide.mcu.externaltools.gnu-tools-for-stm32.9-2020-q2-update.linux64_2.0.0.202105311346/tools/bin/../lib/gcc/arm-none-eabi/9.3.1/thumb/v7e-m+fp/hard/crtbegin.o
 .ARM.attributes
                0x0000000000000052       0x34 ./Core/Src/main.o
 .ARM.attributes
                0x0000000000000086       0x34 ./Core/Src/stm32g4xx_hal_msp.o
 .ARM.attributes
                0x00000000000000ba       0x34 ./Core/Src/stm32g4xx_it.o
 .ARM.attributes
                0x00000000000000ee       0x34 ./Core/Src/system_stm32g4xx.o
 .ARM.attributes
                0x0000000000000122       0x21 ./Core/Startup/startup_stm32g441kbtx.o
 .ARM.attributes
                0x0000000000000143       0x34 ./Drivers/STM32G4xx_HAL_Driver/Src/stm32g4xx_hal.o
 .ARM.attributes
                0x0000000000000177       0x34 ./Drivers/STM32G4xx_HAL_Driver/Src/stm32g4xx_hal_adc.o
 .ARM.attributes
                0x00000000000001ab       0x34 ./Drivers/STM32G4xx_HAL_Driver/Src/stm32g4xx_hal_adc_ex.o
 .ARM.attributes
                0x00000000000001df       0x34 ./Drivers/STM32G4xx_HAL_Driver/Src/stm32g4xx_hal_cortex.o
 .ARM.attributes
                0x0000000000000213       0x34 ./Drivers/STM32G4xx_HAL_Driver/Src/stm32g4xx_hal_crc.o
 .ARM.attributes
                0x0000000000000247       0x34 ./Drivers/STM32G4xx_HAL_Driver/Src/stm32g4xx_hal_crc_ex.o
 .ARM.attributes
                0x000000000000027b       0x34 ./Drivers/STM32G4xx_HAL_Driver/Src/stm32g4xx_hal_dma.o
 .ARM.attributes
                0x00000000000002af       0x34 ./Drivers/STM32G4xx_HAL_Driver/Src/stm32g4xx_hal_gpio.o
 .ARM.attributes
                0x00000000000002e3       0x34 ./Drivers/STM32G4xx_HAL_Driver/Src/stm32g4xx_hal_pcd.o
 .ARM.attributes
                0x0000000000000317       0x34 ./Drivers/STM32G4xx_HAL_Driver/Src/stm32g4xx_hal_pcd_ex.o
 .ARM.attributes
                0x000000000000034b       0x34 ./Drivers/STM32G4xx_HAL_Driver/Src/stm32g4xx_hal_pwr_ex.o
 .ARM.attributes
                0x000000000000037f       0x34 ./Drivers/STM32G4xx_HAL_Driver/Src/stm32g4xx_hal_rcc.o
 .ARM.attributes
                0x00000000000003b3       0x34 ./Drivers/STM32G4xx_HAL_Driver/Src/stm32g4xx_hal_rcc_ex.o
 .ARM.attributes
                0x00000000000003e7       0x34 ./Drivers/STM32G4xx_HAL_Driver/Src/stm32g4xx_hal_rtc.o
 .ARM.attributes
                0x000000000000041b       0x34 ./Drivers/STM32G4xx_HAL_Driver/Src/stm32g4xx_hal_tim.o
 .ARM.attributes
                0x000000000000044f       0x34 ./Drivers/STM32G4xx_HAL_Driver/Src/stm32g4xx_hal_tim_ex.o
 .ARM.attributes
                0x0000000000000483       0x34 ./Drivers/STM32G4xx_HAL_Driver/Src/stm32g4xx_ll_usb.o
 .ARM.attributes
                0x00000000000004b7       0x34 ./Middlewares/ST/STM32_USB_Device_Library/Class/CDC/Src/usbd_cdc.o
 .ARM.attributes
                0x00000000000004eb       0x34 ./Middlewares/ST/STM32_USB_Device_Library/Core/Src/usbd_core.o
 .ARM.attributes
                0x000000000000051f       0x34 ./Middlewares/ST/STM32_USB_Device_Library/Core/Src/usbd_ctlreq.o
 .ARM.attributes
                0x0000000000000553       0x34 ./Middlewares/ST/STM32_USB_Device_Library/Core/Src/usbd_ioreq.o
 .ARM.attributes
                0x0000000000000587       0x34 ./USB_Device/App/usb_device.o
 .ARM.attributes
                0x00000000000005bb       0x34 ./USB_Device/App/usbd_cdc_if.o
 .ARM.attributes
                0x00000000000005ef       0x34 ./USB_Device/App/usbd_desc.o
 .ARM.attributes
                0x0000000000000623       0x34 ./USB_Device/Target/usbd_conf.o
 .ARM.attributes
                0x0000000000000657       0x34 /home/zabalane/SlowData/Tools/STM32CubeIDE/plugins/com.st.stm32cube.ide.mcu.externaltools.gnu-tools-for-stm32.9-2020-q2-update.linux64_2.0.0.202105311346/tools/bin/../lib/gcc/arm-none-eabi/9.3.1/../../../../arm-none-eabi/lib/thumb/v7e-m+fp/hard/libc_nano.a(lib_a-init.o)
 .ARM.attributes
                0x000000000000068b       0x34 /home/zabalane/SlowData/Tools/STM32CubeIDE/plugins/com.st.stm32cube.ide.mcu.externaltools.gnu-tools-for-stm32.9-2020-q2-update.linux64_2.0.0.202105311346/tools/bin/../lib/gcc/arm-none-eabi/9.3.1/../../../../arm-none-eabi/lib/thumb/v7e-m+fp/hard/libc_nano.a(lib_a-memcpy-stub.o)
 .ARM.attributes
                0x00000000000006bf       0x34 /home/zabalane/SlowData/Tools/STM32CubeIDE/plugins/com.st.stm32cube.ide.mcu.externaltools.gnu-tools-for-stm32.9-2020-q2-update.linux64_2.0.0.202105311346/tools/bin/../lib/gcc/arm-none-eabi/9.3.1/../../../../arm-none-eabi/lib/thumb/v7e-m+fp/hard/libc_nano.a(lib_a-memset.o)
 .ARM.attributes
                0x00000000000006f3       0x1e /home/zabalane/SlowData/Tools/STM32CubeIDE/plugins/com.st.stm32cube.ide.mcu.externaltools.gnu-tools-for-stm32.9-2020-q2-update.linux64_2.0.0.202105311346/tools/bin/../lib/gcc/arm-none-eabi/9.3.1/thumb/v7e-m+fp/hard/crtn.o
OUTPUT(firmware.elf elf32-littlearm)
LOAD linker stubs
LOAD /home/zabalane/SlowData/Tools/STM32CubeIDE/plugins/com.st.stm32cube.ide.mcu.externaltools.gnu-tools-for-stm32.9-2020-q2-update.linux64_2.0.0.202105311346/tools/bin/../lib/gcc/arm-none-eabi/9.3.1/../../../../arm-none-eabi/lib/thumb/v7e-m+fp/hard/libc.a
LOAD /home/zabalane/SlowData/Tools/STM32CubeIDE/plugins/com.st.stm32cube.ide.mcu.externaltools.gnu-tools-for-stm32.9-2020-q2-update.linux64_2.0.0.202105311346/tools/bin/../lib/gcc/arm-none-eabi/9.3.1/../../../../arm-none-eabi/lib/thumb/v7e-m+fp/hard/libm.a
LOAD /home/zabalane/SlowData/Tools/STM32CubeIDE/plugins/com.st.stm32cube.ide.mcu.externaltools.gnu-tools-for-stm32.9-2020-q2-update.linux64_2.0.0.202105311346/tools/bin/../lib/gcc/arm-none-eabi/9.3.1/thumb/v7e-m+fp/hard/libgcc.a

.debug_info     0x0000000000000000    0x2442d
 .debug_info    0x0000000000000000     0x312c ./Core/Src/main.o
 .debug_info    0x000000000000312c     0x1a19 ./Core/Src/stm32g4xx_hal_msp.o
 .debug_info    0x0000000000004b45      0xb74 ./Core/Src/stm32g4xx_it.o
 .debug_info    0x00000000000056b9      0x718 ./Core/Src/system_stm32g4xx.o
 .debug_info    0x0000000000005dd1       0x22 ./Core/Startup/startup_stm32g441kbtx.o
 .debug_info    0x0000000000005df3      0xc49 ./Drivers/STM32G4xx_HAL_Driver/Src/stm32g4xx_hal.o
 .debug_info    0x0000000000006a3c     0x2213 ./Drivers/STM32G4xx_HAL_Driver/Src/stm32g4xx_hal_adc.o
 .debug_info    0x0000000000008c4f     0x1f17 ./Drivers/STM32G4xx_HAL_Driver/Src/stm32g4xx_hal_adc_ex.o
 .debug_info    0x000000000000ab66      0xf7e ./Drivers/STM32G4xx_HAL_Driver/Src/stm32g4xx_hal_cortex.o
 .debug_info    0x000000000000bae4      0x6e0 ./Drivers/STM32G4xx_HAL_Driver/Src/stm32g4xx_hal_crc.o
 .debug_info    0x000000000000c1c4      0x4fb ./Drivers/STM32G4xx_HAL_Driver/Src/stm32g4xx_hal_crc_ex.o
 .debug_info    0x000000000000c6bf      0xa9e ./Drivers/STM32G4xx_HAL_Driver/Src/stm32g4xx_hal_dma.o
 .debug_info    0x000000000000d15d      0xa13 ./Drivers/STM32G4xx_HAL_Driver/Src/stm32g4xx_hal_gpio.o
 .debug_info    0x000000000000db70     0x1564 ./Drivers/STM32G4xx_HAL_Driver/Src/stm32g4xx_hal_pcd.o
 .debug_info    0x000000000000f0d4      0xa14 ./Drivers/STM32G4xx_HAL_Driver/Src/stm32g4xx_hal_pcd_ex.o
 .debug_info    0x000000000000fae8      0xb3a ./Drivers/STM32G4xx_HAL_Driver/Src/stm32g4xx_hal_pwr_ex.o
 .debug_info    0x0000000000010622      0xd79 ./Drivers/STM32G4xx_HAL_Driver/Src/stm32g4xx_hal_rcc.o
 .debug_info    0x000000000001139b      0xe78 ./Drivers/STM32G4xx_HAL_Driver/Src/stm32g4xx_hal_rcc_ex.o
 .debug_info    0x0000000000012213     0x100f ./Drivers/STM32G4xx_HAL_Driver/Src/stm32g4xx_hal_rtc.o
 .debug_info    0x0000000000013222     0x2dc8 ./Drivers/STM32G4xx_HAL_Driver/Src/stm32g4xx_hal_tim.o
 .debug_info    0x0000000000015fea     0x1e9b ./Drivers/STM32G4xx_HAL_Driver/Src/stm32g4xx_hal_tim_ex.o
 .debug_info    0x0000000000017e85     0x1937 ./Drivers/STM32G4xx_HAL_Driver/Src/stm32g4xx_ll_usb.o
 .debug_info    0x00000000000197bc     0x1ae7 ./Middlewares/ST/STM32_USB_Device_Library/Class/CDC/Src/usbd_cdc.o
 .debug_info    0x000000000001b2a3     0x14ad ./Middlewares/ST/STM32_USB_Device_Library/Core/Src/usbd_core.o
 .debug_info    0x000000000001c750     0x1479 ./Middlewares/ST/STM32_USB_Device_Library/Core/Src/usbd_ctlreq.o
 .debug_info    0x000000000001dbc9     0x119b ./Middlewares/ST/STM32_USB_Device_Library/Core/Src/usbd_ioreq.o
 .debug_info    0x000000000001ed64     0x1104 ./USB_Device/App/usb_device.o
 .debug_info    0x000000000001fe68     0x1335 ./USB_Device/App/usbd_cdc_if.o
 .debug_info    0x000000000002119d      0xef7 ./USB_Device/App/usbd_desc.o
 .debug_info    0x0000000000022094     0x2399 ./USB_Device/Target/usbd_conf.o

.debug_abbrev   0x0000000000000000     0x4583
 .debug_abbrev  0x0000000000000000      0x333 ./Core/Src/main.o
 .debug_abbrev  0x0000000000000333      0x266 ./Core/Src/stm32g4xx_hal_msp.o
 .debug_abbrev  0x0000000000000599      0x194 ./Core/Src/stm32g4xx_it.o
 .debug_abbrev  0x000000000000072d      0x165 ./Core/Src/system_stm32g4xx.o
 .debug_abbrev  0x0000000000000892       0x12 ./Core/Startup/startup_stm32g441kbtx.o
 .debug_abbrev  0x00000000000008a4      0x227 ./Drivers/STM32G4xx_HAL_Driver/Src/stm32g4xx_hal.o
 .debug_abbrev  0x0000000000000acb      0x288 ./Drivers/STM32G4xx_HAL_Driver/Src/stm32g4xx_hal_adc.o
 .debug_abbrev  0x0000000000000d53      0x2ac ./Drivers/STM32G4xx_HAL_Driver/Src/stm32g4xx_hal_adc_ex.o
 .debug_abbrev  0x0000000000000fff      0x333 ./Drivers/STM32G4xx_HAL_Driver/Src/stm32g4xx_hal_cortex.o
 .debug_abbrev  0x0000000000001332      0x1f9 ./Drivers/STM32G4xx_HAL_Driver/Src/stm32g4xx_hal_crc.o
 .debug_abbrev  0x000000000000152b      0x185 ./Drivers/STM32G4xx_HAL_Driver/Src/stm32g4xx_hal_crc_ex.o
 .debug_abbrev  0x00000000000016b0      0x201 ./Drivers/STM32G4xx_HAL_Driver/Src/stm32g4xx_hal_dma.o
 .debug_abbrev  0x00000000000018b1      0x1e8 ./Drivers/STM32G4xx_HAL_Driver/Src/stm32g4xx_hal_gpio.o
 .debug_abbrev  0x0000000000001a99      0x29e ./Drivers/STM32G4xx_HAL_Driver/Src/stm32g4xx_hal_pcd.o
 .debug_abbrev  0x0000000000001d37      0x219 ./Drivers/STM32G4xx_HAL_Driver/Src/stm32g4xx_hal_pcd_ex.o
 .debug_abbrev  0x0000000000001f50      0x229 ./Drivers/STM32G4xx_HAL_Driver/Src/stm32g4xx_hal_pwr_ex.o
 .debug_abbrev  0x0000000000002179      0x275 ./Drivers/STM32G4xx_HAL_Driver/Src/stm32g4xx_hal_rcc.o
 .debug_abbrev  0x00000000000023ee      0x230 ./Drivers/STM32G4xx_HAL_Driver/Src/stm32g4xx_hal_rcc_ex.o
 .debug_abbrev  0x000000000000261e      0x1ea ./Drivers/STM32G4xx_HAL_Driver/Src/stm32g4xx_hal_rtc.o
 .debug_abbrev  0x0000000000002808      0x28f ./Drivers/STM32G4xx_HAL_Driver/Src/stm32g4xx_hal_tim.o
 .debug_abbrev  0x0000000000002a97      0x297 ./Drivers/STM32G4xx_HAL_Driver/Src/stm32g4xx_hal_tim_ex.o
 .debug_abbrev  0x0000000000002d2e      0x25c ./Drivers/STM32G4xx_HAL_Driver/Src/stm32g4xx_ll_usb.o
 .debug_abbrev  0x0000000000002f8a      0x2ed ./Middlewares/ST/STM32_USB_Device_Library/Class/CDC/Src/usbd_cdc.o
 .debug_abbrev  0x0000000000003277      0x2b7 ./Middlewares/ST/STM32_USB_Device_Library/Core/Src/usbd_core.o
 .debug_abbrev  0x000000000000352e      0x2fc ./Middlewares/ST/STM32_USB_Device_Library/Core/Src/usbd_ctlreq.o
 .debug_abbrev  0x000000000000382a      0x22a ./Middlewares/ST/STM32_USB_Device_Library/Core/Src/usbd_ioreq.o
 .debug_abbrev  0x0000000000003a54      0x204 ./USB_Device/App/usb_device.o
 .debug_abbrev  0x0000000000003c58      0x30c ./USB_Device/App/usbd_cdc_if.o
 .debug_abbrev  0x0000000000003f64      0x2d9 ./USB_Device/App/usbd_desc.o
 .debug_abbrev  0x000000000000423d      0x346 ./USB_Device/Target/usbd_conf.o

.debug_aranges  0x0000000000000000     0x1990
 .debug_aranges
                0x0000000000000000       0xa8 ./Core/Src/main.o
 .debug_aranges
                0x00000000000000a8       0x88 ./Core/Src/stm32g4xx_hal_msp.o
 .debug_aranges
                0x0000000000000130       0x70 ./Core/Src/stm32g4xx_it.o
 .debug_aranges
                0x00000000000001a0       0x28 ./Core/Src/system_stm32g4xx.o
 .debug_aranges
                0x00000000000001c8       0x28 ./Core/Startup/startup_stm32g441kbtx.o
 .debug_aranges
                0x00000000000001f0      0x130 ./Drivers/STM32G4xx_HAL_Driver/Src/stm32g4xx_hal.o
 .debug_aranges
                0x0000000000000320      0x248 ./Drivers/STM32G4xx_HAL_Driver/Src/stm32g4xx_hal_adc.o
 .debug_aranges
                0x0000000000000568      0x1c0 ./Drivers/STM32G4xx_HAL_Driver/Src/stm32g4xx_hal_adc_ex.o
 .debug_aranges
                0x0000000000000728      0x118 ./Drivers/STM32G4xx_HAL_Driver/Src/stm32g4xx_hal_cortex.o
 .debug_aranges
                0x0000000000000840       0x60 ./Drivers/STM32G4xx_HAL_Driver/Src/stm32g4xx_hal_crc.o
 .debug_aranges
                0x00000000000008a0       0x30 ./Drivers/STM32G4xx_HAL_Driver/Src/stm32g4xx_hal_crc_ex.o
 .debug_aranges
                0x00000000000008d0       0x90 ./Drivers/STM32G4xx_HAL_Driver/Src/stm32g4xx_hal_dma.o
 .debug_aranges
                0x0000000000000960       0x58 ./Drivers/STM32G4xx_HAL_Driver/Src/stm32g4xx_hal_gpio.o
 .debug_aranges
                0x00000000000009b8      0x130 ./Drivers/STM32G4xx_HAL_Driver/Src/stm32g4xx_hal_pcd.o
 .debug_aranges
                0x0000000000000ae8       0x58 ./Drivers/STM32G4xx_HAL_Driver/Src/stm32g4xx_hal_pcd_ex.o
 .debug_aranges
                0x0000000000000b40      0x140 ./Drivers/STM32G4xx_HAL_Driver/Src/stm32g4xx_hal_pwr_ex.o
 .debug_aranges
                0x0000000000000c80       0x98 ./Drivers/STM32G4xx_HAL_Driver/Src/stm32g4xx_hal_rcc.o
 .debug_aranges
                0x0000000000000d18       0xb0 ./Drivers/STM32G4xx_HAL_Driver/Src/stm32g4xx_hal_rcc_ex.o
 .debug_aranges
                0x0000000000000dc8       0xe8 ./Drivers/STM32G4xx_HAL_Driver/Src/stm32g4xx_hal_rtc.o
 .debug_aranges
                0x0000000000000eb0      0x3e0 ./Drivers/STM32G4xx_HAL_Driver/Src/stm32g4xx_hal_tim.o
 .debug_aranges
                0x0000000000001290      0x240 ./Drivers/STM32G4xx_HAL_Driver/Src/stm32g4xx_hal_tim_ex.o
 .debug_aranges
                0x00000000000014d0       0xb0 ./Drivers/STM32G4xx_HAL_Driver/Src/stm32g4xx_ll_usb.o
 .debug_aranges
                0x0000000000001580       0x90 ./Middlewares/ST/STM32_USB_Device_Library/Class/CDC/Src/usbd_cdc.o
 .debug_aranges
                0x0000000000001610       0xb8 ./Middlewares/ST/STM32_USB_Device_Library/Core/Src/usbd_core.o
 .debug_aranges
                0x00000000000016c8       0x90 ./Middlewares/ST/STM32_USB_Device_Library/Core/Src/usbd_ctlreq.o
 .debug_aranges
                0x0000000000001758       0x50 ./Middlewares/ST/STM32_USB_Device_Library/Core/Src/usbd_ioreq.o
 .debug_aranges
                0x00000000000017a8       0x20 ./USB_Device/App/usb_device.o
 .debug_aranges
                0x00000000000017c8       0x48 ./USB_Device/App/usbd_cdc_if.o
 .debug_aranges
                0x0000000000001810       0x60 ./USB_Device/App/usbd_desc.o
 .debug_aranges
                0x0000000000001870      0x120 ./USB_Device/Target/usbd_conf.o

.debug_ranges   0x0000000000000000     0x17b8
 .debug_ranges  0x0000000000000000       0x98 ./Core/Src/main.o
 .debug_ranges  0x0000000000000098       0x78 ./Core/Src/stm32g4xx_hal_msp.o
 .debug_ranges  0x0000000000000110       0x60 ./Core/Src/stm32g4xx_it.o
 .debug_ranges  0x0000000000000170       0x18 ./Core/Src/system_stm32g4xx.o
 .debug_ranges  0x0000000000000188       0x20 ./Core/Startup/startup_stm32g441kbtx.o
 .debug_ranges  0x00000000000001a8      0x120 ./Drivers/STM32G4xx_HAL_Driver/Src/stm32g4xx_hal.o
 .debug_ranges  0x00000000000002c8      0x238 ./Drivers/STM32G4xx_HAL_Driver/Src/stm32g4xx_hal_adc.o
 .debug_ranges  0x0000000000000500      0x1b0 ./Drivers/STM32G4xx_HAL_Driver/Src/stm32g4xx_hal_adc_ex.o
 .debug_ranges  0x00000000000006b0      0x108 ./Drivers/STM32G4xx_HAL_Driver/Src/stm32g4xx_hal_cortex.o
 .debug_ranges  0x00000000000007b8       0x50 ./Drivers/STM32G4xx_HAL_Driver/Src/stm32g4xx_hal_crc.o
 .debug_ranges  0x0000000000000808       0x20 ./Drivers/STM32G4xx_HAL_Driver/Src/stm32g4xx_hal_crc_ex.o
 .debug_ranges  0x0000000000000828       0x80 ./Drivers/STM32G4xx_HAL_Driver/Src/stm32g4xx_hal_dma.o
 .debug_ranges  0x00000000000008a8       0x48 ./Drivers/STM32G4xx_HAL_Driver/Src/stm32g4xx_hal_gpio.o
 .debug_ranges  0x00000000000008f0      0x120 ./Drivers/STM32G4xx_HAL_Driver/Src/stm32g4xx_hal_pcd.o
 .debug_ranges  0x0000000000000a10       0x48 ./Drivers/STM32G4xx_HAL_Driver/Src/stm32g4xx_hal_pcd_ex.o
 .debug_ranges  0x0000000000000a58      0x130 ./Drivers/STM32G4xx_HAL_Driver/Src/stm32g4xx_hal_pwr_ex.o
 .debug_ranges  0x0000000000000b88       0x88 ./Drivers/STM32G4xx_HAL_Driver/Src/stm32g4xx_hal_rcc.o
 .debug_ranges  0x0000000000000c10       0xa0 ./Drivers/STM32G4xx_HAL_Driver/Src/stm32g4xx_hal_rcc_ex.o
 .debug_ranges  0x0000000000000cb0       0xd8 ./Drivers/STM32G4xx_HAL_Driver/Src/stm32g4xx_hal_rtc.o
 .debug_ranges  0x0000000000000d88      0x3d0 ./Drivers/STM32G4xx_HAL_Driver/Src/stm32g4xx_hal_tim.o
 .debug_ranges  0x0000000000001158      0x230 ./Drivers/STM32G4xx_HAL_Driver/Src/stm32g4xx_hal_tim_ex.o
 .debug_ranges  0x0000000000001388       0xa0 ./Drivers/STM32G4xx_HAL_Driver/Src/stm32g4xx_ll_usb.o
 .debug_ranges  0x0000000000001428       0x80 ./Middlewares/ST/STM32_USB_Device_Library/Class/CDC/Src/usbd_cdc.o
 .debug_ranges  0x00000000000014a8       0xa8 ./Middlewares/ST/STM32_USB_Device_Library/Core/Src/usbd_core.o
 .debug_ranges  0x0000000000001550       0x80 ./Middlewares/ST/STM32_USB_Device_Library/Core/Src/usbd_ctlreq.o
 .debug_ranges  0x00000000000015d0       0x40 ./Middlewares/ST/STM32_USB_Device_Library/Core/Src/usbd_ioreq.o
 .debug_ranges  0x0000000000001610       0x10 ./USB_Device/App/usb_device.o
 .debug_ranges  0x0000000000001620       0x38 ./USB_Device/App/usbd_cdc_if.o
 .debug_ranges  0x0000000000001658       0x50 ./USB_Device/App/usbd_desc.o
 .debug_ranges  0x00000000000016a8      0x110 ./USB_Device/Target/usbd_conf.o

.debug_macro    0x0000000000000000    0x2472f
 .debug_macro   0x0000000000000000      0x472 ./Core/Src/main.o
 .debug_macro   0x0000000000000472      0xaa8 ./Core/Src/main.o
 .debug_macro   0x0000000000000f1a      0x16d ./Core/Src/main.o
 .debug_macro   0x0000000000001087       0x2e ./Core/Src/main.o
 .debug_macro   0x00000000000010b5       0x28 ./Core/Src/main.o
 .debug_macro   0x00000000000010dd       0x22 ./Core/Src/main.o
 .debug_macro   0x00000000000010ff       0x8e ./Core/Src/main.o
 .debug_macro   0x000000000000118d       0x51 ./Core/Src/main.o
 .debug_macro   0x00000000000011de      0x103 ./Core/Src/main.o
 .debug_macro   0x00000000000012e1       0x6a ./Core/Src/main.o
 .debug_macro   0x000000000000134b      0x1df ./Core/Src/main.o
 .debug_macro   0x000000000000152a       0x1c ./Core/Src/main.o
 .debug_macro   0x0000000000001546       0x22 ./Core/Src/main.o
 .debug_macro   0x0000000000001568      0x101 ./Core/Src/main.o
 .debug_macro   0x0000000000001669     0x1011 ./Core/Src/main.o
 .debug_macro   0x000000000000267a      0x11f ./Core/Src/main.o
 .debug_macro   0x0000000000002799    0x11771 ./Core/Src/main.o
 .debug_macro   0x0000000000013f0a       0x43 ./Core/Src/main.o
 .debug_macro   0x0000000000013f4d     0x34f4 ./Core/Src/main.o
 .debug_macro   0x0000000000017441      0x174 ./Core/Src/main.o
 .debug_macro   0x00000000000175b5       0x5c ./Core/Src/main.o
 .debug_macro   0x0000000000017611     0x1424 ./Core/Src/main.o
 .debug_macro   0x0000000000018a35      0x535 ./Core/Src/main.o
 .debug_macro   0x0000000000018f6a      0x137 ./Core/Src/main.o
 .debug_macro   0x00000000000190a1      0x289 ./Core/Src/main.o
 .debug_macro   0x000000000001932a      0x41d ./Core/Src/main.o
 .debug_macro   0x0000000000019747      0x18b ./Core/Src/main.o
 .debug_macro   0x00000000000198d2       0x43 ./Core/Src/main.o
 .debug_macro   0x0000000000019915      0x23d ./Core/Src/main.o
 .debug_macro   0x0000000000019b52     0x10fd ./Core/Src/main.o
 .debug_macro   0x000000000001ac4f      0x72e ./Core/Src/main.o
 .debug_macro   0x000000000001b37d      0x391 ./Core/Src/main.o
 .debug_macro   0x000000000001b70e       0xd5 ./Core/Src/main.o
 .debug_macro   0x000000000001b7e3       0x4c ./Core/Src/main.o
 .debug_macro   0x000000000001b82f      0x212 ./Core/Src/main.o
 .debug_macro   0x000000000001ba41      0x401 ./Core/Src/main.o
 .debug_macro   0x000000000001be42      0x107 ./Core/Src/main.o
 .debug_macro   0x000000000001bf49       0x65 ./Core/Src/main.o
 .debug_macro   0x000000000001bfae      0x234 ./Core/Src/main.o
 .debug_macro   0x000000000001c1e2      0x122 ./Core/Src/main.o
 .debug_macro   0x000000000001c304      0x3d1 ./Core/Src/main.o
 .debug_macro   0x000000000001c6d5      0x360 ./Core/Src/main.o
 .debug_macro   0x000000000001ca35      0x543 ./Core/Src/main.o
 .debug_macro   0x000000000001cf78       0xdd ./Core/Src/main.o
 .debug_macro   0x000000000001d055      0xbbe ./Core/Src/main.o
 .debug_macro   0x000000000001dc13      0x47e ./Core/Src/main.o
 .debug_macro   0x000000000001e091      0x307 ./Core/Src/main.o
 .debug_macro   0x000000000001e398      0x100 ./Core/Src/main.o
 .debug_macro   0x000000000001e498       0x52 ./Core/Src/main.o
 .debug_macro   0x000000000001e4ea       0x18 ./Core/Src/main.o
 .debug_macro   0x000000000001e502       0x3c ./Core/Src/main.o
 .debug_macro   0x000000000001e53e       0x34 ./Core/Src/main.o
 .debug_macro   0x000000000001e572       0x16 ./Core/Src/main.o
 .debug_macro   0x000000000001e588       0x35 ./Core/Src/main.o
 .debug_macro   0x000000000001e5bd      0x333 ./Core/Src/main.o
 .debug_macro   0x000000000001e8f0       0x10 ./Core/Src/main.o
 .debug_macro   0x000000000001e900       0x16 ./Core/Src/main.o
 .debug_macro   0x000000000001e916       0x43 ./Core/Src/main.o
 .debug_macro   0x000000000001e959       0x34 ./Core/Src/main.o
 .debug_macro   0x000000000001e98d       0x10 ./Core/Src/main.o
 .debug_macro   0x000000000001e99d       0x58 ./Core/Src/main.o
 .debug_macro   0x000000000001e9f5       0x71 ./Core/Src/main.o
 .debug_macro   0x000000000001ea66       0x1c ./Core/Src/main.o
 .debug_macro   0x000000000001ea82      0x12a ./Core/Src/main.o
 .debug_macro   0x000000000001ebac       0x10 ./Core/Src/main.o
 .debug_macro   0x000000000001ebbc       0x1c ./Core/Src/main.o
 .debug_macro   0x000000000001ebd8       0x52 ./Core/Src/main.o
 .debug_macro   0x000000000001ec2a       0x22 ./Core/Src/main.o
 .debug_macro   0x000000000001ec4c       0x10 ./Core/Src/main.o
 .debug_macro   0x000000000001ec5c       0x40 ./Core/Src/main.o
 .debug_macro   0x000000000001ec9c       0xd5 ./Core/Src/main.o
 .debug_macro   0x000000000001ed71       0x1c ./Core/Src/main.o
 .debug_macro   0x000000000001ed8d       0x3d ./Core/Src/main.o
 .debug_macro   0x000000000001edca       0x16 ./Core/Src/main.o
 .debug_macro   0x000000000001ede0      0x145 ./Core/Src/main.o
 .debug_macro   0x000000000001ef25       0x16 ./Core/Src/main.o
 .debug_macro   0x000000000001ef3b       0x16 ./Core/Src/main.o
 .debug_macro   0x000000000001ef51       0x29 ./Core/Src/main.o
 .debug_macro   0x000000000001ef7a       0x16 ./Core/Src/main.o
 .debug_macro   0x000000000001ef90       0x20 ./Core/Src/main.o
 .debug_macro   0x000000000001efb0       0x5f ./Core/Src/main.o
 .debug_macro   0x000000000001f00f      0x1ef ./Core/Src/main.o
 .debug_macro   0x000000000001f1fe       0x95 ./Core/Src/main.o
 .debug_macro   0x000000000001f293       0x10 ./Core/Src/main.o
 .debug_macro   0x000000000001f2a3      0x23d ./Core/Src/stm32g4xx_hal_msp.o
 .debug_macro   0x000000000001f4e0      0x247 ./Core/Src/stm32g4xx_it.o
 .debug_macro   0x000000000001f727      0x22e ./Core/Src/system_stm32g4xx.o
 .debug_macro   0x000000000001f955      0x27c ./Drivers/STM32G4xx_HAL_Driver/Src/stm32g4xx_hal.o
 .debug_macro   0x000000000001fbd1      0x24b ./Drivers/STM32G4xx_HAL_Driver/Src/stm32g4xx_hal_adc.o
 .debug_macro   0x000000000001fe1c      0x23a ./Drivers/STM32G4xx_HAL_Driver/Src/stm32g4xx_hal_adc_ex.o
 .debug_macro   0x0000000000020056      0x22e ./Drivers/STM32G4xx_HAL_Driver/Src/stm32g4xx_hal_cortex.o
 .debug_macro   0x0000000000020284      0x22e ./Drivers/STM32G4xx_HAL_Driver/Src/stm32g4xx_hal_crc.o
 .debug_macro   0x00000000000204b2      0x22e ./Drivers/STM32G4xx_HAL_Driver/Src/stm32g4xx_hal_crc_ex.o
 .debug_macro   0x00000000000206e0      0x22e ./Drivers/STM32G4xx_HAL_Driver/Src/stm32g4xx_hal_dma.o
 .debug_macro   0x000000000002090e      0x266 ./Drivers/STM32G4xx_HAL_Driver/Src/stm32g4xx_hal_gpio.o
 .debug_macro   0x0000000000020b74      0x23a ./Drivers/STM32G4xx_HAL_Driver/Src/stm32g4xx_hal_pcd.o
 .debug_macro   0x0000000000020dae      0x22e ./Drivers/STM32G4xx_HAL_Driver/Src/stm32g4xx_hal_pcd_ex.o
 .debug_macro   0x0000000000020fdc      0x258 ./Drivers/STM32G4xx_HAL_Driver/Src/stm32g4xx_hal_pwr_ex.o
 .debug_macro   0x0000000000021234      0x26a ./Drivers/STM32G4xx_HAL_Driver/Src/stm32g4xx_hal_rcc.o
 .debug_macro   0x000000000002149e      0x258 ./Drivers/STM32G4xx_HAL_Driver/Src/stm32g4xx_hal_rcc_ex.o
 .debug_macro   0x00000000000216f6      0x22f ./Drivers/STM32G4xx_HAL_Driver/Src/stm32g4xx_hal_rtc.o
 .debug_macro   0x0000000000021925      0x236 ./Drivers/STM32G4xx_HAL_Driver/Src/stm32g4xx_hal_tim.o
 .debug_macro   0x0000000000021b5b      0x234 ./Drivers/STM32G4xx_HAL_Driver/Src/stm32g4xx_hal_tim_ex.o
 .debug_macro   0x0000000000021d8f      0x22e ./Drivers/STM32G4xx_HAL_Driver/Src/stm32g4xx_ll_usb.o
 .debug_macro   0x0000000000021fbd      0x444 ./Middlewares/ST/STM32_USB_Device_Library/Class/CDC/Src/usbd_cdc.o
 .debug_macro   0x0000000000022401       0x97 ./Middlewares/ST/STM32_USB_Device_Library/Class/CDC/Src/usbd_cdc.o
 .debug_macro   0x0000000000022498       0xfd ./Middlewares/ST/STM32_USB_Device_Library/Class/CDC/Src/usbd_cdc.o
 .debug_macro   0x0000000000022595       0xfb ./Middlewares/ST/STM32_USB_Device_Library/Class/CDC/Src/usbd_cdc.o
 .debug_macro   0x0000000000022690       0x56 ./Middlewares/ST/STM32_USB_Device_Library/Class/CDC/Src/usbd_cdc.o
 .debug_macro   0x00000000000226e6      0x42b ./Middlewares/ST/STM32_USB_Device_Library/Core/Src/usbd_core.o
 .debug_macro   0x0000000000022b11      0x1f5 ./Middlewares/ST/STM32_USB_Device_Library/Core/Src/usbd_core.o
 .debug_macro   0x0000000000022d06      0x435 ./Middlewares/ST/STM32_USB_Device_Library/Core/Src/usbd_ctlreq.o
 .debug_macro   0x000000000002313b      0x431 ./Middlewares/ST/STM32_USB_Device_Library/Core/Src/usbd_ioreq.o
 .debug_macro   0x000000000002356c      0x46a ./USB_Device/App/usb_device.o
 .debug_macro   0x00000000000239d6       0x22 ./USB_Device/App/usb_device.o
 .debug_macro   0x00000000000239f8       0x16 ./USB_Device/App/usb_device.o
 .debug_macro   0x0000000000023a0e      0x44f ./USB_Device/App/usbd_cdc_if.o
 .debug_macro   0x0000000000023e5d      0x468 ./USB_Device/App/usbd_desc.o
 .debug_macro   0x00000000000242c5       0x1c ./USB_Device/App/usbd_desc.o
 .debug_macro   0x00000000000242e1      0x44e ./USB_Device/Target/usbd_conf.o

.debug_line     0x0000000000000000    0x1e456
 .debug_line    0x0000000000000000     0x1117 ./Core/Src/main.o
 .debug_line    0x0000000000001117      0xadf ./Core/Src/stm32g4xx_hal_msp.o
 .debug_line    0x0000000000001bf6      0x8ad ./Core/Src/stm32g4xx_it.o
 .debug_line    0x00000000000024a3      0x824 ./Core/Src/system_stm32g4xx.o
 .debug_line    0x0000000000002cc7       0x89 ./Core/Startup/startup_stm32g441kbtx.o
 .debug_line    0x0000000000002d50      0xb9b ./Drivers/STM32G4xx_HAL_Driver/Src/stm32g4xx_hal.o
 .debug_line    0x00000000000038eb     0x1f2e ./Drivers/STM32G4xx_HAL_Driver/Src/stm32g4xx_hal_adc.o
 .debug_line    0x0000000000005819     0x1991 ./Drivers/STM32G4xx_HAL_Driver/Src/stm32g4xx_hal_adc_ex.o
 .debug_line    0x00000000000071aa      0xd4e ./Drivers/STM32G4xx_HAL_Driver/Src/stm32g4xx_hal_cortex.o
 .debug_line    0x0000000000007ef8      0xafb ./Drivers/STM32G4xx_HAL_Driver/Src/stm32g4xx_hal_crc.o
 .debug_line    0x00000000000089f3      0x86d ./Drivers/STM32G4xx_HAL_Driver/Src/stm32g4xx_hal_crc_ex.o
 .debug_line    0x0000000000009260      0xf07 ./Drivers/STM32G4xx_HAL_Driver/Src/stm32g4xx_hal_dma.o
 .debug_line    0x000000000000a167      0xbe8 ./Drivers/STM32G4xx_HAL_Driver/Src/stm32g4xx_hal_gpio.o
 .debug_line    0x000000000000ad4f     0x1371 ./Drivers/STM32G4xx_HAL_Driver/Src/stm32g4xx_hal_pcd.o
 .debug_line    0x000000000000c0c0      0x92f ./Drivers/STM32G4xx_HAL_Driver/Src/stm32g4xx_hal_pcd_ex.o
 .debug_line    0x000000000000c9ef      0xd46 ./Drivers/STM32G4xx_HAL_Driver/Src/stm32g4xx_hal_pwr_ex.o
 .debug_line    0x000000000000d735      0xf9b ./Drivers/STM32G4xx_HAL_Driver/Src/stm32g4xx_hal_rcc.o
 .debug_line    0x000000000000e6d0     0x1174 ./Drivers/STM32G4xx_HAL_Driver/Src/stm32g4xx_hal_rcc_ex.o
 .debug_line    0x000000000000f844     0x1085 ./Drivers/STM32G4xx_HAL_Driver/Src/stm32g4xx_hal_rtc.o
 .debug_line    0x00000000000108c9     0x3dec ./Drivers/STM32G4xx_HAL_Driver/Src/stm32g4xx_hal_tim.o
 .debug_line    0x00000000000146b5     0x2099 ./Drivers/STM32G4xx_HAL_Driver/Src/stm32g4xx_hal_tim_ex.o
 .debug_line    0x000000000001674e     0x10a2 ./Drivers/STM32G4xx_HAL_Driver/Src/stm32g4xx_ll_usb.o
 .debug_line    0x00000000000177f0      0xe85 ./Middlewares/ST/STM32_USB_Device_Library/Class/CDC/Src/usbd_cdc.o
 .debug_line    0x0000000000018675      0xf08 ./Middlewares/ST/STM32_USB_Device_Library/Core/Src/usbd_core.o
 .debug_line    0x000000000001957d     0x11a5 ./Middlewares/ST/STM32_USB_Device_Library/Core/Src/usbd_ctlreq.o
 .debug_line    0x000000000001a722      0xb5f ./Middlewares/ST/STM32_USB_Device_Library/Core/Src/usbd_ioreq.o
 .debug_line    0x000000000001b281      0xb1b ./USB_Device/App/usb_device.o
 .debug_line    0x000000000001bd9c      0xb7f ./USB_Device/App/usbd_cdc_if.o
 .debug_line    0x000000000001c91b      0xbe4 ./USB_Device/App/usbd_desc.o
 .debug_line    0x000000000001d4ff      0xf57 ./USB_Device/Target/usbd_conf.o

.debug_str      0x0000000000000000    0xe231f
 .debug_str     0x0000000000000000    0xdc2c7 ./Core/Src/main.o
                                      0xdcb89 (size before relaxing)
 .debug_str     0x00000000000dc2c7      0x158 ./Core/Src/stm32g4xx_hal_msp.o
                                      0xd6d09 (size before relaxing)
 .debug_str     0x00000000000dc41f      0x3b2 ./Core/Src/stm32g4xx_it.o
                                      0xd65b0 (size before relaxing)
 .debug_str     0x00000000000dc7d1       0xaa ./Core/Src/system_stm32g4xx.o